ARM Linker, 5.03 [Build 76] [MDK-ARM Lite]

==============================================================================

Section Cross References

    startup.o(STACK) refers (Special) to heapauxi.o(.text) for __use_two_region_memory
    startup.o(HEAP) refers (Special) to heapauxi.o(.text) for __use_two_region_memory
    startup.o(RESET) refers (Special) to heapauxi.o(.text) for __use_two_region_memory
    startup.o(RESET) refers to startup.o(STACK) for StackMem
    startup.o(RESET) refers to sound.o(i.SysTick_Handler) for SysTick_Handler
    startup.o(RESET) refers to switch.o(i.GPIOPortB_Handler) for GPIOPortB_Handler
    startup.o(RESET) refers to switch.o(i.Timer0A_Handler) for Timer0A_Handler
    startup.o(RESET) refers to co2sensor.o(i.Timer1A_Handler) for Timer1A_Handler
    startup.o(RESET) refers to sound.o(i.Timer2A_Handler) for Timer2A_Handler
    startup.o(RESET) refers to __main.o(!!!main) for __main
    startup.o(.text) refers (Special) to heapauxi.o(.text) for __use_two_region_memory
    startup.o(.text) refers to startup.o(HEAP) for HeapMem
    startup.o(.text) refers to startup.o(STACK) for StackMem
    sound.o(i.Sound_Test) refers to sound.o(i.Sound_Init) for Sound_Init
    sound.o(i.Sound_Test) refers to sound.o(i.Sound_On) for Sound_On
    sound.o(i.Sound_Test) refers to sound.o(i.testWait) for testWait
    sound.o(i.Sound_Test) refers to sound.o(i.Sound_Off) for Sound_Off
    sound.o(i.SysTick_Handler) refers to sound.o(i.playSound) for playSound
    sound.o(i.Timer2A_Handler) refers to sound.o(.constdata) for Notes
    sound.o(i.Timer2A_Handler) refers to sound.o(.data) for Count
    sound.o(i.playSound) refers to sound.o(i.soundOut) for soundOut
    sound.o(i.playSound) refers to sound.o(.data) for Note
    switch.o(i.ButtonPressed) refers to ecsmain.o(.data) for ECSMain_EditMode
    switch.o(i.GPIOPortB_Handler) refers to switch.o(i.ButtonPressed) for ButtonPressed
    switch.o(i.GPIOPortB_Handler) refers to switch.o(i.Timer0Arm) for Timer0Arm
    switch.o(i.GPIOPortB_Handler) refers to switch.o(.data) for Last
    switch.o(i.Switch_Init) refers to switch.o(i.GPIOPortBArm) for GPIOPortBArm
    switch.o(i.Switch_Init) refers to switch.o(.data) for Last
    switch.o(i.Timer0A_Handler) refers to switch.o(i.GPIOPortBArm) for GPIOPortBArm
    switch.o(i.Timer0A_Handler) refers to switch.o(.data) for Last
    ecsmain.o(i.initECSModules) refers to startup.o(.text) for DisableInterrupts
    ecsmain.o(i.initECSModules) refers to led.o(i.LED_Init) for LED_Init
    ecsmain.o(i.initECSModules) refers to switch.o(i.Switch_Init) for Switch_Init
    ecsmain.o(i.initECSModules) refers to sound.o(i.Sound_Init) for Sound_Init
    ecsmain.o(i.initECSModules) refers to electrolysis.o(i.Electrolysis_Init) for Electrolysis_Init
    ecsmain.o(i.initECSModules) refers to co2sensor.o(i.CO2Sensor_Init) for CO2Sensor_Init
    ecsmain.o(i.initECSModules) refers to lcd.o(i.LCD_Init) for LCD_Init
    ecsmain.o(i.initECSState) refers to ecsmain.o(i.updatePrevValues) for updatePrevValues
    ecsmain.o(i.initECSState) refers to ecsmain.o(.constdata) for ECSStateNoLimitPassed
    ecsmain.o(i.initECSState) refers to ecsmain.o(.data) for ECSMain_State
    ecsmain.o(i.main) refers to pll.o(i.PLL_Init) for PLL_Init
    ecsmain.o(i.main) refers to ecsmain.o(i.mainTest) for mainTest
    ecsmain.o(i.main) refers to ecsmain.o(i.initECSState) for initECSState
    ecsmain.o(i.main) refers to ecsmain.o(i.initECSModules) for initECSModules
    ecsmain.o(i.main) refers to ecsmain.o(i.updateECSState) for updateECSState
    ecsmain.o(i.main) refers to ecsmain.o(i.updateECSSystem) for updateECSSystem
    ecsmain.o(i.main) refers to co2sensor.o(i.CO2Sensor_ADCToPercCO2) for CO2Sensor_ADCToPercCO2
    ecsmain.o(i.main) refers to lcd.o(i.LCD_Update) for LCD_Update
    ecsmain.o(i.main) refers to ecsmain.o(i.updatePrevValues) for updatePrevValues
    ecsmain.o(i.main) refers to ecsmain.o(.data) for TestMode
    ecsmain.o(i.mainTest) refers to ecsmain.o(i.initECSState) for initECSState
    ecsmain.o(i.mainTest) refers to ecsmain.o(i.testStates) for testStates
    ecsmain.o(i.mainTest) refers to led.o(i.LED_Test) for LED_Test
    ecsmain.o(i.mainTest) refers to sound.o(i.Sound_Test) for Sound_Test
    ecsmain.o(i.mainTest) refers to electrolysis.o(i.Electrolysis_Test) for Electrolysis_Test
    ecsmain.o(i.mainTest) refers to co2sensor.o(i.CO2Sensor_Test) for CO2Sensor_Test
    ecsmain.o(i.mainTest) refers to lcd.o(i.LCD_Test) for LCD_Test
    ecsmain.o(i.mainTest) refers to ecsmain.o(.data) for TestMode
    ecsmain.o(i.testHelperOverrideVars) refers to ecsmain.o(.data) for ECSMain_SoftLimit
    ecsmain.o(i.testStates) refers to ecsmain.o(i.initECSState) for initECSState
    ecsmain.o(i.testStates) refers to ecsmain.o(i.initECSModules) for initECSModules
    ecsmain.o(i.testStates) refers to rt_memcpy_w.o(.text) for __aeabi_memcpy4
    ecsmain.o(i.testStates) refers to ecsmain.o(i.testHelperOverrideVars) for testHelperOverrideVars
[...]
    st7735.o(i.ST7735_DrawCharS) refers to st7735.o(i.ST7735_FillRect) for ST7735_FillRect
    st7735.o(i.ST7735_DrawCharS) refers to st7735.o(.data) for _width
    st7735.o(i.ST7735_DrawCharS) refers to st7735.o(.constdata) for Font
    st7735.o(i.ST7735_DrawFastHLine) refers to st7735.o(i.setAddrWindow) for setAddrWindow
    st7735.o(i.ST7735_DrawFastHLine) refers to st7735.o(i.writedata) for writedata
    st7735.o(i.ST7735_DrawFastHLine) refers to st7735.o(.data) for _width
    st7735.o(i.ST7735_DrawFastVLine) refers to st7735.o(i.setAddrWindow) for setAddrWindow
    st7735.o(i.ST7735_DrawFastVLine) refers to st7735.o(i.writedata) for writedata
    st7735.o(i.ST7735_DrawFastVLine) refers to st7735.o(.data) for _width
    st7735.o(i.ST7735_DrawPixel) refers to st7735.o(i.setAddrWindow) for setAddrWindow
    st7735.o(i.ST7735_DrawPixel) refers to st7735.o(i.pushColor) for pushColor
    st7735.o(i.ST7735_DrawPixel) refers to st7735.o(.data) for _width
    st7735.o(i.ST7735_DrawString) refers to st7735.o(i.ST7735_DrawCharS) for ST7735_DrawCharS
    st7735.o(i.ST7735_FillRect) refers to st7735.o(i.setAddrWindow) for setAddrWindow
    st7735.o(i.ST7735_FillRect) refers to st7735.o(i.writedata) for writedata
    st7735.o(i.ST7735_FillRect) refers to st7735.o(.data) for _width
    st7735.o(i.ST7735_FillScreen) refers to st7735.o(i.ST7735_FillRect) for ST7735_FillRect
    st7735.o(i.ST7735_FillScreen) refers to st7735.o(.data) for _height
    st7735.o(i.ST7735_InitB) refers to st7735.o(i.commonInit) for commonInit
    st7735.o(i.ST7735_InitB) refers to st7735.o(i.ST7735_SetCursor) for ST7735_SetCursor
    st7735.o(i.ST7735_InitB) refers to st7735.o(i.ST7735_FillScreen) for ST7735_FillScreen
    st7735.o(i.ST7735_InitB) refers to st7735.o(.constdata) for Bcmd
    st7735.o(i.ST7735_InitB) refers to st7735.o(.data) for StTextColor
    st7735.o(i.ST7735_InitR) refers to st7735.o(i.commonInit) for commonInit
    st7735.o(i.ST7735_InitR) refers to st7735.o(i.commandList) for commandList
    st7735.o(i.ST7735_InitR) refers to st7735.o(i.writecommand) for writecommand
    st7735.o(i.ST7735_InitR) refers to st7735.o(i.writedata) for writedata
    st7735.o(i.ST7735_InitR) refers to st7735.o(i.ST7735_SetCursor) for ST7735_SetCursor
    st7735.o(i.ST7735_InitR) refers to st7735.o(i.ST7735_FillScreen) for ST7735_FillScreen
    st7735.o(i.ST7735_InitR) refers to st7735.o(.constdata) for Rcmd1
    st7735.o(i.ST7735_InitR) refers to st7735.o(.data) for ColStart
    st7735.o(i.ST7735_InvertDisplay) refers to st7735.o(i.writecommand) for writecommand
    st7735.o(i.ST7735_OutChar) refers to st7735.o(i.ST7735_DrawString) for ST7735_DrawString
    st7735.o(i.ST7735_OutChar) refers to st7735.o(i.ST7735_DrawCharS) for ST7735_DrawCharS
    st7735.o(i.ST7735_OutChar) refers to st7735.o(.data) for StY
    st7735.o(i.ST7735_OutString) refers to st7735.o(i.ST7735_OutChar) for ST7735_OutChar
    st7735.o(i.ST7735_OutUDec) refers to st7735.o(i.fillmessage) for fillmessage
    st7735.o(i.ST7735_OutUDec) refers to st7735.o(i.ST7735_DrawString) for ST7735_DrawString
    st7735.o(i.ST7735_OutUDec) refers to st7735.o(i.ST7735_DrawCharS) for ST7735_DrawCharS
    st7735.o(i.ST7735_OutUDec) refers to st7735.o(.data) for Messageindex
    st7735.o(i.ST7735_OutUDec) refers to st7735.o(.bss) for Message
    st7735.o(i.ST7735_PlotBar) refers to st7735.o(i.ST7735_DrawFastVLine) for ST7735_DrawFastVLine
    st7735.o(i.ST7735_PlotBar) refers to st7735.o(.data) for Ymin
    st7735.o(i.ST7735_PlotClear) refers to st7735.o(i.ST7735_Color565) for ST7735_Color565
    st7735.o(i.ST7735_PlotClear) refers to st7735.o(i.ST7735_FillRect) for ST7735_FillRect
    st7735.o(i.ST7735_PlotClear) refers to st7735.o(.data) for Ymax
    st7735.o(i.ST7735_PlotLine) refers to st7735.o(i.ST7735_DrawPixel) for ST7735_DrawPixel
    st7735.o(i.ST7735_PlotLine) refers to st7735.o(.data) for Ymin
    st7735.o(i.ST7735_PlotNext) refers to st7735.o(.data) for X
    st7735.o(i.ST7735_PlotNextErase) refers to st7735.o(i.ST7735_Color565) for ST7735_Color565
    st7735.o(i.ST7735_PlotNextErase) refers to st7735.o(i.ST7735_DrawFastVLine) for ST7735_DrawFastVLine
    st7735.o(i.ST7735_PlotNextErase) refers to st7735.o(.data) for X
    st7735.o(i.ST7735_PlotPoint) refers to st7735.o(i.ST7735_DrawPixel) for ST7735_DrawPixel
    st7735.o(i.ST7735_PlotPoint) refers to st7735.o(.data) for Ymin
    st7735.o(i.ST7735_PlotPoints) refers to st7735.o(i.ST7735_DrawPixel) for ST7735_DrawPixel
    st7735.o(i.ST7735_PlotPoints) refers to st7735.o(.data) for Ymin
    st7735.o(i.ST7735_PlotdBfs) refers to st7735.o(i.ST7735_DrawFastVLine) for ST7735_DrawFastVLine
    st7735.o(i.ST7735_PlotdBfs) refers to st7735.o(.constdata) for dBfs
    st7735.o(i.ST7735_PlotdBfs) refers to st7735.o(.data) for X
    st7735.o(i.ST7735_SetCursor) refers to st7735.o(.data) for StX
    st7735.o(i.ST7735_SetRotation) refers to st7735.o(i.writecommand) for writecommand
    st7735.o(i.ST7735_SetRotation) refers to st7735.o(i.writedata) for writedata
    st7735.o(i.ST7735_SetRotation) refers to st7735.o(.data) for Rotation
    st7735.o(i.ST7735_SetTextColor) refers to st7735.o(.data) for StTextColor
    st7735.o(i.commandList) refers to st7735.o(i.writecommand) for writecommand
    st7735.o(i.commandList) refers to st7735.o(i.writedata) for writedata
    st7735.o(i.commandList) refers to st7735.o(i.Delay1ms) for Delay1ms
    st7735.o(i.commonInit) refers to st7735.o(i.Delay1ms) for Delay1ms
    st7735.o(i.commonInit) refers to st7735.o(i.commandList) for commandList
    st7735.o(i.commonInit) refers to st7735.o(.data) for RowStart
    st7735.o(i.fillmessage) refers to st7735.o(.bss) for Message
    st7735.o(i.fillmessage) refers to st7735.o(.data) for Messageindex
    st7735.o(i.fputc) refers to st7735.o(i.ST7735_OutChar) for ST7735_OutChar
    st7735.o(i.pushColor) refers to st7735.o(i.writedata) for writedata
    st7735.o(i.setAddrWindow) refers to st7735.o(i.writecommand) for writecommand
    st7735.o(i.setAddrWindow) refers to st7735.o(i.writedata) for writedata
    st7735.o(i.setAddrWindow) refers to st7735.o(.data) for ColStart
    assert.o(.text) refers to assert_puts.o(.text) for __assert_puts
    assert.o(.text) refers to abort.o(.text) for abort
    __main.o(!!!main) refers to rtentry.o(.ARM.Collect$$rtentry$$00000000) for __rt_entry
    rtentry.o(.ARM.Collect$$rtentry$$00000000) refers (Special) to rtentry2.o(.ARM.Collect$$rtentry$$0000000A) for __rt_entry_li
    rtentry.o(.ARM.Collect$$rtentry$$00000000) refers (Special) to rtentry2.o(.ARM.Collect$$rtentry$$0000000D) for __rt_entry_main
    rtentry.o(.ARM.Collect$$rtentry$$00000000) refers (Special) to rtentry2.o(.ARM.Collect$$rtentry$$0000000C) for __rt_entry_postli_1
    rtentry.o(.ARM.Collect$$rtentry$$00000000) refers (Special) to rtentry2.o(.ARM.Collect$$rtentry$$00000009) for __rt_entry_postsh_1
    rtentry.o(.ARM.Collect$$rtentry$$00000000) refers (Special) to rtentry2.o(.ARM.Collect$$rtentry$$00000002) for __rt_entry_presh_1
    rtentry.o(.ARM.Collect$$rtentry$$00000000) refers (Special) to rtentry4.o(.ARM.Collect$$rtentry$$00000004) for __rt_entry_sh
    abort.o(.text) refers to defsig_abrt_outer.o(.text) for __rt_SIGABRT
    abort.o(.text) refers (Weak) to libshutdown.o(.ARM.Collect$$libshutdown$$00000000) for __rt_lib_shutdown
    abort.o(.text) refers to sys_exit.o(.text) for _sys_exit
    assert_puts.o(.text) refers to sys_wrch.o(.text) for _ttywrch
    sys_wrch.o(.text) refers (Special) to use_no_semi.o(.text) for __I$use$semihosting
    sys_wrch.o(.text) refers (Special) to indicate_semi.o(.text) for __semihosting_library_function
    sys_exit.o(.text) refers (Special) to use_no_semi.o(.text) for __I$use$semihosting
    sys_exit.o(.text) refers (Special) to indicate_semi.o(.text) for __semihosting_library_function
    rtentry2.o(.ARM.Collect$$rtentry$$00000008) refers to boardinit2.o(.text) for _platform_post_stackheap_init
    rtentry2.o(.ARM.Collect$$rtentry$$0000000A) refers to libinit.o(.ARM.Collect$$libinit$$00000000) for __rt_lib_init
    rtentry2.o(.ARM.Collect$$rtentry$$0000000B) refers to boardinit3.o(.text) for _platform_post_lib_init
    rtentry2.o(.ARM.Collect$$rtentry$$0000000D) refers to ecsmain.o(i.main) for main
    rtentry2.o(.ARM.Collect$$rtentry$$0000000D) refers to exit.o(.text) for exit
    rtentry2.o(.ARM.exidx) refers to rtentry2.o(.ARM.Collect$$rtentry$$00000001) for .ARM.Collect$$rtentry$$00000001
    rtentry2.o(.ARM.exidx) refers to rtentry2.o(.ARM.Collect$$rtentry$$00000008) for .ARM.Collect$$rtentry$$00000008
    rtentry2.o(.ARM.exidx) refers to rtentry2.o(.ARM.Collect$$rtentry$$0000000A) for .ARM.Collect$$rtentry$$0000000A
    rtentry2.o(.ARM.exidx) refers to rtentry2.o(.ARM.Collect$$rtentry$$0000000B) for .ARM.Collect$$rtentry$$0000000B
    rtentry2.o(.ARM.exidx) refers to rtentry2.o(.ARM.Collect$$rtentry$$0000000D) for .ARM.Collect$$rtentry$$0000000D
    rtentry4.o(.ARM.Collect$$rtentry$$00000004) refers to sys_stackheap_outer.o(.text) for __user_setup_stackheap
    rtentry4.o(.ARM.exidx) refers to rtentry4.o(.ARM.Collect$$rtentry$$00000004) for .ARM.Collect$$rtentry$$00000004
    defsig_abrt_outer.o(.text) refers to defsig_abrt_inner.o(.text) for __rt_SIGABRT_inner
    defsig_abrt_outer.o(.text) refers to defsig_exit.o(.text) for __sig_exit
    defsig_abrt_formal.o(.text) refers to rt_raise.o(.text) for __rt_raise
    sys_stackheap_outer.o(.text) refers to libspace.o(.text) for __user_perproc_libspace
    sys_stackheap_outer.o(.text) refers to startup.o(.text) for __user_initial_stackheap
    rt_raise.o(.text) refers to __raise.o(.text) for __raise
    rt_raise.o(.text) refers to sys_exit.o(.text) for _sys_exit
    exit.o(.text) refers to rtexit.o(.ARM.Collect$$rtexit$$00000000) for __rt_exit
    defsig_exit.o(.text) refers to sys_exit.o(.text) for _sys_exit
    defsig_abrt_inner.o(.text) refers to defsig_general.o(.text) for __default_signal_display
    libinit.o(.ARM.Collect$$libinit$$00000000) refers (Special) to libinit2.o(.ARM.Collect$$libinit$$0000002C) for __rt_lib_init_alloca_1
    libinit.o(.ARM.Collect$$libinit$$00000000) refers (Special) to libinit2.o(.ARM.Collect$$libinit$$0000002A) for __rt_lib_init_argv_1
    libinit.o(.ARM.Collect$$libinit$$00000000) refers (Special) to libinit2.o(.ARM.Collect$$libinit$$00000019) for __rt_lib_init_atexit_1
    libinit.o(.ARM.Collect$$libinit$$00000000) refers (Special) to libinit2.o(.ARM.Collect$$libinit$$0000001F) for __rt_lib_init_clock_1
    libinit.o(.ARM.Collect$$libinit$$00000000) refers (Special) to libinit2.o(.ARM.Collect$$libinit$$00000030) for __rt_lib_init_cpp_1
    libinit.o(.ARM.Collect$$libinit$$00000000) refers (Special) to libinit2.o(.ARM.Collect$$libinit$$0000002E) for __rt_lib_init_exceptions_1
    libinit.o(.ARM.Collect$$libinit$$00000000) refers (Special) to libinit2.o(.ARM.Collect$$libinit$$00000002) for __rt_lib_init_fp_1
    libinit.o(.ARM.Collect$$libinit$$00000000) refers (Special) to libinit2.o(.ARM.Collect$$libinit$$0000001D) for __rt_lib_init_fp_trap_1
    libinit.o(.ARM.Collect$$libinit$$00000000) refers (Special) to libinit2.o(.ARM.Collect$$libinit$$00000021) for __rt_lib_init_getenv_1
    libinit.o(.ARM.Collect$$libinit$$00000000) refers (Special) to libinit2.o(.ARM.Collect$$libinit$$00000008) for __rt_lib_init_heap_1
    libinit.o(.ARM.Collect$$libinit$$00000000) refers (Special) to libinit2.o(.ARM.Collect$$libinit$$0000000F) for __rt_lib_init_lc_collate_1
    libinit.o(.ARM.Collect$$libinit$$00000000) refers (Special) to libinit2.o(.ARM.Collect$$libinit$$00000011) for __rt_lib_init_lc_ctype_1
    libinit.o(.ARM.Collect$$libinit$$00000000) refers (Special) to libinit2.o(.ARM.Collect$$libinit$$00000013) for __rt_lib_init_lc_monetary_1
    libinit.o(.ARM.Collect$$libinit$$00000000) refers (Special) to libinit2.o(.ARM.Collect$$libinit$$00000015) for __rt_lib_init_lc_numeric_1
    libinit.o(.ARM.Collect$$libinit$$00000000) refers (Special) to libinit2.o(.ARM.Collect$$libinit$$00000017) for __rt_lib_init_lc_time_1
    libinit.o(.ARM.Collect$$libinit$$00000000) refers (Special) to libinit2.o(.ARM.Collect$$libinit$$0000000C) for __rt_lib_init_rand_1
    libinit.o(.ARM.Collect$$libinit$$00000000) refers (Special) to libinit2.o(.ARM.Collect$$libinit$$00000031) for __rt_lib_init_return
    libinit.o(.ARM.Collect$$libinit$$00000000) refers (Special) to libinit2.o(.ARM.Collect$$libinit$$0000001B) for __rt_lib_init_signal_1
    libinit.o(.ARM.Collect$$libinit$$00000000) refers (Special) to libinit2.o(.ARM.Collect$$libinit$$00000023) for __rt_lib_init_stdio_1
    libinit.o(.ARM.Collect$$libinit$$00000000) refers (Special) to libinit2.o(.ARM.Collect$$libinit$$0000000A) for __rt_lib_init_user_alloc_1
    libspace.o(.text) refers to libspace.o(.bss) for __libspace_start
    rtexit.o(.ARM.Collect$$rtexit$$00000000) refers (Special) to rtexit2.o(.ARM.Collect$$rtexit$$00000004) for __rt_exit_exit
    rtexit.o(.ARM.Collect$$rtexit$$00000000) refers (Special) to rtexit2.o(.ARM.Collect$$rtexit$$00000003) for __rt_exit_ls
    rtexit.o(.ARM.Collect$$rtexit$$00000000) refers (Special) to rtexit2.o(.ARM.Collect$$rtexit$$00000002) for __rt_exit_prels_1
    rtexit.o(.ARM.exidx) refers (Special) to rtexit2.o(.ARM.Collect$$rtexit$$00000004) for __rt_exit_exit
    rtexit.o(.ARM.exidx) refers (Special) to rtexit2.o(.ARM.Collect$$rtexit$$00000003) for __rt_exit_ls
    rtexit.o(.ARM.exidx) refers (Special) to rtexit2.o(.ARM.Collect$$rtexit$$00000002) for __rt_exit_prels_1
    rtexit.o(.ARM.exidx) refers to rtexit.o(.ARM.Collect$$rtexit$$00000000) for .ARM.Collect$$rtexit$$00000000
    __raise.o(.text) refers to defsig.o(CL$$defsig) for __default_signal_handler
    defsig_general.o(.text) refers to sys_wrch.o(.text) for _ttywrch
    libinit2.o(.ARM.Collect$$libinit$$0000000E) refers to libinit2.o(.ARM.Collect$$libinit$$0000000D) for .ARM.Collect$$libinit$$0000000D
    libinit2.o(.ARM.Collect$$libinit$$00000010) refers to libinit2.o(.ARM.Collect$$libinit$$0000000D) for .ARM.Collect$$libinit$$0000000D
    libinit2.o(.ARM.Collect$$libinit$$00000012) refers to libinit2.o(.ARM.Collect$$libinit$$0000000D) for .ARM.Collect$$libinit$$0000000D
    libinit2.o(.ARM.Collect$$libinit$$00000014) refers to libinit2.o(.ARM.Collect$$libinit$$0000000D) for .ARM.Collect$$libinit$$0000000D
    libinit2.o(.ARM.Collect$$libinit$$00000016) refers to libinit2.o(.ARM.Collect$$libinit$$0000000D) for .ARM.Collect$$libinit$$0000000D
    libinit2.o(.ARM.Collect$$libinit$$00000024) refers to argv_veneer.o(.emb_text) for __ARM_argv_veneer
    libinit2.o(.ARM.Collect$$libinit$$00000025) refers to argv_veneer.o(.emb_text) for __ARM_argv_veneer
    rtexit2.o(.ARM.Collect$$rtexit$$00000003) refers to libshutdown.o(.ARM.Collect$$libshutdown$$00000000) for __rt_lib_shutdown
    rtexit2.o(.ARM.Collect$$rtexit$$00000004) refers to sys_exit.o(.text) for _sys_exit
    rtexit2.o(.ARM.exidx) refers to rtexit2.o(.ARM.Collect$$rtexit$$00000001) for .ARM.Collect$$rtexit$$00000001
    rtexit2.o(.ARM.exidx) refers to rtexit2.o(.ARM.Collect$$rtexit$$00000003) for .ARM.Collect$$rtexit$$00000003
    rtexit2.o(.ARM.exidx) refers to rtexit2.o(.ARM.Collect$$rtexit$$00000004) for .ARM.Collect$$rtexit$$00000004
    defsig.o(CL$$defsig) refers to defsig_abrt_inner.o(.text) for __rt_SIGABRT_inner
    defsig.o(CL$$defsig) refers to defsig_rtmem_inner.o(.text) for __rt_SIGRTMEM_inner
    argv_veneer.o(.emb_text) refers to no_argv.o(.text) for __ARM_get_argv
    defsig_fpe_inner.o(.text) refers to defsig_general.o(.text) for __default_signal_display
    defsig_rtred_inner.o(.text) refers to defsig_general.o(.text) for __default_signal_display
    defsig_rtmem_inner.o(.text) refers to defsig_general.o(.text) for __default_signal_display
    defsig_stak_inner.o(.text) refers to defsig_general.o(.text) for __default_signal_display
    defsig_pvfn_inner.o(.text) refers to defsig_general.o(.text) for __default_signal_display
    defsig_cppl_inner.o(.text) refers to defsig_general.o(.text) for __default_signal_display
    defsig_segv_inner.o(.text) refers to defsig_general.o(.text) for __default_signal_display
    defsig_other.o(.text) refers to defsig_general.o(.text) for __default_signal_display
    _get_argv_nomalloc.o(.text) refers (Special) to hrguard.o(.text) for __heap_region$guard
    _get_argv_nomalloc.o(.text) refers to defsig_rtmem_outer.o(.text) for __rt_SIGRTMEM
    _get_argv_nomalloc.o(.text) refers to sys_command.o(.text) for _sys_command_string
    libshutdown.o(.ARM.Collect$$libshutdown$$00000000) refers (Special) to libshutdown2.o(.ARM.Collect$$libshutdown$$00000006) for __rt_lib_shutdown_fp_trap_1
    libshutdown.o(.ARM.Collect$$libshutdown$$00000000) refers (Special) to libshutdown2.o(.ARM.Collect$$libshutdown$$0000000E) for __rt_lib_shutdown_heap_1
    libshutdown.o(.ARM.Collect$$libshutdown$$00000000) refers (Special) to libshutdown2.o(.ARM.Collect$$libshutdown$$0000000F) for __rt_lib_shutdown_return
    libshutdown.o(.ARM.Collect$$libshutdown$$00000000) refers (Special) to libshutdown2.o(.ARM.Collect$$libshutdown$$00000009) for __rt_lib_shutdown_signal_1
    libshutdown.o(.ARM.Collect$$libshutdown$$00000000) refers (Special) to libshutdown2.o(.ARM.Collect$$libshutdown$$00000003) for __rt_lib_shutdown_stdio_1
    libshutdown.o(.ARM.Collect$$libshutdown$$00000000) refers (Special) to libshutdown2.o(.ARM.Collect$$libshutdown$$0000000B) for __rt_lib_shutdown_user_alloc_1
    sys_command.o(.text) refers (Special) to use_no_semi.o(.text) for __I$use$semihosting
    sys_command.o(.text) refers (Special) to indicate_semi.o(.text) for __semihosting_library_function
    defsig_rtmem_outer.o(.text) refers to defsig_rtmem_inner.o(.text) for __rt_SIGRTMEM_inner
    defsig_rtmem_outer.o(.text) refers to defsig_exit.o(.text) for __sig_exit
    defsig_rtmem_formal.o(.text) refers to rt_raise.o(.text) for __rt_raise


==============================================================================

Removing Unused input sections from the image.

    Removing lcd.o(.constdata), (4 bytes).
    Removing st7735.o(i.Output_Clear), (10 bytes).
    Removing st7735.o(i.Output_Color), (12 bytes).
    Removing st7735.o(i.Output_Init), (16 bytes).
    Removing st7735.o(i.Output_Off), (8 bytes).
    Removing st7735.o(i.Output_On), (8 bytes).
    Removing st7735.o(i.ST7735_Color565), (24 bytes).
    Removing st7735.o(i.ST7735_DrawBitmap), (288 bytes).
    Removing st7735.o(i.ST7735_DrawFastHLine), (124 bytes).
    Removing st7735.o(i.ST7735_DrawFastVLine), (124 bytes).
    Removing st7735.o(i.ST7735_InitB), (40 bytes).
    Removing st7735.o(i.ST7735_InvertDisplay), (22 bytes).
    Removing st7735.o(i.ST7735_OutChar), (212 bytes).
    Removing st7735.o(i.ST7735_OutString), (22 bytes).
    Removing st7735.o(i.ST7735_OutUDec), (140 bytes).
    Removing st7735.o(i.ST7735_PlotBar), (88 bytes).
    Removing st7735.o(i.ST7735_PlotClear), (92 bytes).
    Removing st7735.o(i.ST7735_PlotLine), (264 bytes).
    Removing st7735.o(i.ST7735_PlotNext), (32 bytes).
    Removing st7735.o(i.ST7735_PlotNextErase), (64 bytes).
    Removing st7735.o(i.ST7735_PlotPoint), (152 bytes).
    Removing st7735.o(i.ST7735_PlotPoints), (172 bytes).
    Removing st7735.o(i.ST7735_PlotdBfs), (60 bytes).
    Removing st7735.o(i.ST7735_SetRotation), (212 bytes).
    Removing st7735.o(i.ST7735_SetTextColor), (12 bytes).
    Removing st7735.o(i.ST7735_SwapColor), (18 bytes).
    Removing st7735.o(i.ferror), (8 bytes).
    Removing st7735.o(i.fgetc), (6 bytes).
    Removing st7735.o(i.fillmessage), (72 bytes).
    Removing st7735.o(i.fputc), (16 bytes).
    Removing st7735.o(.bss), (12 bytes).

31 unused section(s) (total 2334 bytes) removed from the image.

==============================================================================

Image Symbol Table

    Local Symbols

    Symbol Name                              Value     Ov Type        Size  Object(Section)

    RESET                                    0x00000000   Section      644  startup.o(RESET)
    ../clib/angel/boardlib.s                 0x00000000   Number         0  boardshut.o ABSOLUTE
    ../clib/angel/boardlib.s                 0x00000000   Number         0  boardinit1.o ABSOLUTE
    ../clib/angel/boardlib.s                 0x00000000   Number         0  boardinit2.o ABSOLUTE
    ../clib/angel/boardlib.s                 0x00000000   Number         0  boardinit3.o ABSOLUTE
    ../clib/angel/handlers.s                 0x00000000   Number         0  __scatter_zi.o ABSOLUTE
    ../clib/angel/handlers.s                 0x00000000   Number         0  __scatter_copy.o ABSOLUTE
    ../clib/angel/kernel.s                   0x00000000   Number         0  rtexit2.o ABSOLUTE
    ../clib/angel/kernel.s                   0x00000000   Number         0  rtexit.o ABSOLUTE
    ../clib/angel/kernel.s                   0x00000000   Number         0  rtentry4.o ABSOLUTE
    ../clib/angel/kernel.s                   0x00000000   Number         0  rtentry2.o ABSOLUTE
    ../clib/angel/kernel.s                   0x00000000   Number         0  rtentry.o ABSOLUTE
    ../clib/angel/rt.s                       0x00000000   Number         0  rt_raise.o ABSOLUTE
    ../clib/angel/scatter.s                  0x00000000   Number         0  __scatter.o ABSOLUTE
    ../clib/angel/startup.s                  0x00000000   Number         0  __main.o ABSOLUTE
    ../clib/angel/sys.s                      0x00000000   Number         0  sys_stackheap_outer.o ABSOLUTE
    ../clib/angel/sys.s                      0x00000000   Number         0  use_no_semi.o ABSOLUTE
    ../clib/angel/sys.s                      0x00000000   Number         0  indicate_semi.o ABSOLUTE
    ../clib/angel/sys.s                      0x00000000   Number         0  libspace.o ABSOLUTE
    ../clib/angel/sysapp.c                   0x00000000   Number         0  sys_exit.o ABSOLUTE
    ../clib/angel/sysapp.c                   0x00000000   Number         0  sys_command.o ABSOLUTE
    ../clib/angel/sysapp.c                   0x00000000   Number         0  sys_wrch.o ABSOLUTE
    ../clib/armsys.c                         0x00000000   Number         0  no_argv.o ABSOLUTE
    ../clib/armsys.c                         0x00000000   Number         0  _get_argv_nomalloc.o ABSOLUTE
    ../clib/armsys.c                         0x00000000   Number         0  argv_veneer.o ABSOLUTE
    ../clib/armsys.c                         0x00000000   Number         0  argv_veneer.o ABSOLUTE
    ../clib/assert.c                         0x00000000   Number         0  assert_puts.o ABSOLUTE
    ../clib/assert.c                         0x00000000   Number         0  assert.o ABSOLUTE
    ../clib/heapalloc.c                      0x00000000   Number         0  hrguard.o ABSOLUTE
    ../clib/heapaux.c                        0x00000000   Number         0  heapauxi.o ABSOLUTE
    ../clib/libinit.s                        0x00000000   Number         0  libshutdown.o ABSOLUTE
    ../clib/libinit.s                        0x00000000   Number         0  libinit.o ABSOLUTE
    ../clib/libinit.s                        0x00000000   Number         0  libshutdown2.o ABSOLUTE
    ../clib/libinit.s                        0x00000000   Number         0  libinit2.o ABSOLUTE
    ../clib/memcpset.s                       0x00000000   Number         0  rt_memcpy_w.o ABSOLUTE
    ../clib/signal.c                         0x00000000   Number         0  defsig_abrt_inner.o ABSOLUTE
    ../clib/signal.c                         0x00000000   Number         0  defsig_rtred_inner.o ABSOLUTE
    ../clib/signal.c                         0x00000000   Number         0  defsig_pvfn_inner.o ABSOLUTE
    ../clib/signal.c                         0x00000000   Number         0  defsig_other.o ABSOLUTE
    ../clib/signal.c                         0x00000000   Number         0  defsig_segv_inner.o ABSOLUTE
    ../clib/signal.c                         0x00000000   Number         0  defsig_cppl_inner.o ABSOLUTE
    ../clib/signal.c                         0x00000000   Number         0  defsig_stak_inner.o ABSOLUTE
    ../clib/signal.c                         0x00000000   Number         0  defsig_rtmem_inner.o ABSOLUTE
    ../clib/signal.c                         0x00000000   Number         0  defsig_rtmem_outer.o ABSOLUTE
    ../clib/signal.c                         0x00000000   Number         0  defsig_rtmem_formal.o ABSOLUTE
    ../clib/signal.c                         0x00000000   Number         0  defsig_abrt_outer.o ABSOLUTE
    ../clib/signal.c                         0x00000000   Number         0  defsig_abrt_formal.o ABSOLUTE
    ../clib/signal.c                         0x00000000   Number         0  defsig_fpe_inner.o ABSOLUTE
    ../clib/signal.c                         0x00000000   Number         0  defsig_general.o ABSOLUTE
    ../clib/signal.c                         0x00000000   Number         0  __raise.o ABSOLUTE
    ../clib/signal.c                         0x00000000   Number         0  defsig_exit.o ABSOLUTE
    ../clib/signal.s                         0x00000000   Number         0  defsig.o ABSOLUTE
    ../clib/stdlib.c                         0x00000000   Number         0  abort.o ABSOLUTE
    ../clib/stdlib.c                         0x00000000   Number         0  exit.o ABSOLUTE
    ../fplib/fpinit.s                        0x00000000   Number         0  fpinit.o ABSOLUTE
    CO2Sensor.c                              0x00000000   Number         0  co2sensor.o ABSOLUTE
    ECSMain.c                                0x00000000   Number         0  ecsmain.o ABSOLUTE
    Electrolysis.c                           0x00000000   Number         0  electrolysis.o ABSOLUTE
    LCD.c                                    0x00000000   Number         0  lcd.o ABSOLUTE
    LED.c                                    0x00000000   Number         0  led.o ABSOLUTE
    PLL.c                                    0x00000000   Number         0  pll.o ABSOLUTE
    ST7735.c                                 0x00000000   Number         0  st7735.o ABSOLUTE
    Sound.c                                  0x00000000   Number         0  sound.o ABSOLUTE
    Switch.c                                 0x00000000   Number         0  switch.o ABSOLUTE
    dc.s                                     0x00000000   Number         0  dc.o ABSOLUTE
    startup.s                                0x00000000   Number         0  startup.o ABSOLUTE
    !!!main                                  0x00000284   Section        8  __main.o(!!!main)
    !!!scatter                               0x0000028c   Section       52  __scatter.o(!!!scatter)
    !!handler_copy                           0x000002c0   Section       26  __scatter_copy.o(!!handler_copy)
    !!handler_zi                             0x000002dc   Section       28  __scatter_zi.o(!!handler_zi)
    .ARM.Collect$$libinit$$00000000          0x000002f8   Section        2  libinit.o(.ARM.Collect$$libinit$$00000000)
    .ARM.Collect$$libinit$$00000002          0x000002fa   Section        0  libinit2.o(.ARM.Collect$$libinit$$00000002)
    .ARM.Collect$$libinit$$00000008          0x000002fa   Section        0  libinit2.o(.ARM.Collect$$libinit$$00000008)
    .ARM.Collect$$libinit$$0000000A          0x000002fa   Section        0  libinit2.o(.ARM.Collect$$libinit$$0000000A)
    .ARM.Collect$$libinit$$0000000C          0x000002fa   Section        0  libinit2.o(.ARM.Collect$$libinit$$0000000C)
    .ARM.Collect$$libinit$$0000000F          0x000002fa   Section        0  libinit2.o(.ARM.Collect$$libinit$$0000000F)
    .ARM.Collect$$libinit$$00000011          0x000002fa   Section        0  libinit2.o(.ARM.Collect$$libinit$$00000011)
    .ARM.Collect$$libinit$$00000013          0x000002fa   Section        0  libinit2.o(.ARM.Collect$$libinit$$00000013)
    .ARM.Collect$$libinit$$00000015          0x000002fa   Section        0  libinit2.o(.ARM.Collect$$libinit$$00000015)
    .ARM.Collect$$libinit$$00000017          0x000002fa   Section        0  libinit2.o(.ARM.Collect$$libinit$$00000017)
    .ARM.Collect$$libinit$$00000019          0x000002fa   Section        0  libinit2.o(.ARM.Collect$$libinit$$00000019)
    .ARM.Collect$$libinit$$0000001B          0x000002fa   Section        0  libinit2.o(.ARM.Collect$$libinit$$0000001B)
    .ARM.Collect$$libinit$$0000001D          0x000002fa   Section        0  libinit2.o(.ARM.Collect$$libinit$$0000001D)
    .ARM.Collect$$libinit$$0000001F          0x000002fa   Section        0  libinit2.o(.ARM.Collect$$libinit$$0000001F)
    .ARM.Collect$$libinit$$00000021          0x000002fa   Section        0  libinit2.o(.ARM.Collect$$libinit$$00000021)
    .ARM.Collect$$libinit$$00000023          0x000002fa   Section        0  libinit2.o(.ARM.Collect$$libinit$$00000023)
    .ARM.Collect$$libinit$$0000002A          0x000002fa   Section        0  libinit2.o(.ARM.Collect$$libinit$$0000002A)
    .ARM.Collect$$libinit$$0000002C          0x000002fa   Section        0  libinit2.o(.ARM.Collect$$libinit$$0000002C)
    .ARM.Collect$$libinit$$0000002E          0x000002fa   Section        0  libinit2.o(.ARM.Collect$$libinit$$0000002E)
    .ARM.Collect$$libinit$$00000030          0x000002fa   Section        0  libinit2.o(.ARM.Collect$$libinit$$00000030)
    .ARM.Collect$$libinit$$00000031          0x000002fa   Section        2  libinit2.o(.ARM.Collect$$libinit$$00000031)
    .ARM.Collect$$libshutdown$$00000000      0x000002fc   Section        2  libshutdown.o(.ARM.Collect$$libshutdown$$00000000)
    .ARM.Collect$$libshutdown$$00000003      0x000002fe   Section        0  libshutdown2.o(.ARM.Collect$$libshutdown$$00000003)
    .ARM.Collect$$libshutdown$$00000006      0x000002fe   Section        0  libshutdown2.o(.ARM.Collect$$libshutdown$$00000006)
    .ARM.Collect$$libshutdown$$00000009      0x000002fe   Section        0  libshutdown2.o(.ARM.Collect$$libshutdown$$00000009)
    .ARM.Collect$$libshutdown$$0000000B      0x000002fe   Section        0  libshutdown2.o(.ARM.Collect$$libshutdown$$0000000B)
    .ARM.Collect$$libshutdown$$0000000E      0x000002fe   Section        0  libshutdown2.o(.ARM.Collect$$libshutdown$$0000000E)
    .ARM.Collect$$libshutdown$$0000000F      0x000002fe   Section        2  libshutdown2.o(.ARM.Collect$$libshutdown$$0000000F)
    .ARM.Collect$$rtentry$$00000000          0x00000300   Section        0  rtentry.o(.ARM.Collect$$rtentry$$00000000)
    .ARM.Collect$$rtentry$$00000002          0x00000300   Section        0  rtentry2.o(.ARM.Collect$$rtentry$$00000002)
    .ARM.Collect$$rtentry$$00000004          0x00000300   Section        6  rtentry4.o(.ARM.Collect$$rtentry$$00000004)
    .ARM.Collect$$rtentry$$00000009          0x00000306   Section        0  rtentry2.o(.ARM.Collect$$rtentry$$00000009)
    .ARM.Collect$$rtentry$$0000000A          0x00000306   Section        4  rtentry2.o(.ARM.Collect$$rtentry$$0000000A)
    .ARM.Collect$$rtentry$$0000000C          0x0000030a   Section        0  rtentry2.o(.ARM.Collect$$rtentry$$0000000C)
    .ARM.Collect$$rtentry$$0000000D          0x0000030a   Section        8  rtentry2.o(.ARM.Collect$$rtentry$$0000000D)
    .ARM.Collect$$rtexit$$00000000           0x00000312   Section        2  rtexit.o(.ARM.Collect$$rtexit$$00000000)
    .ARM.Collect$$rtexit$$00000002           0x00000314   Section        0  rtexit2.o(.ARM.Collect$$rtexit$$00000002)
    .ARM.Collect$$rtexit$$00000003           0x00000314   Section        4  rtexit2.o(.ARM.Collect$$rtexit$$00000003)
    .ARM.Collect$$rtexit$$00000004           0x00000318   Section        6  rtexit2.o(.ARM.Collect$$rtexit$$00000004)
    .text                                    0x00000320   Section       48  startup.o(.text)
    .text                                    0x00000350   Section        0  assert.o(.text)
    .text                                    0x000003cc   Section      100  rt_memcpy_w.o(.text)
    .text                                    0x00000430   Section        0  heapauxi.o(.text)
    .text                                    0x00000436   Section        0  abort.o(.text)
    .text                                    0x00000446   Section        0  assert_puts.o(.text)
    .text                                    0x0000045a   Section        0  sys_wrch.o(.text)
    .text                                    0x00000468   Section        0  sys_exit.o(.text)
    .text                                    0x00000474   Section        0  defsig_abrt_outer.o(.text)
    .text                                    0x00000482   Section        2  use_no_semi.o(.text)
    .text                                    0x00000484   Section       74  sys_stackheap_outer.o(.text)
    .text                                    0x00000484   Section        0  indicate_semi.o(.text)
    .text                                    0x000004ce   Section        0  exit.o(.text)
    .text                                    0x000004da   Section        0  defsig_exit.o(.text)
    .text                                    0x000004e4   Section        0  defsig_abrt_inner.o(.text)
    .text                                    0x00000514   Section        8  libspace.o(.text)
    .text                                    0x0000051c   Section        0  defsig_general.o(.text)
    i.ButtonPressed                          0x00000550   Section        0  switch.o(i.ButtonPressed)
    i.CO2Sensor_ADCToPercCO2                 0x00000628   Section        0  co2sensor.o(i.CO2Sensor_ADCToPercCO2)
    i.CO2Sensor_Init                         0x0000062e   Section        0  co2sensor.o(i.CO2Sensor_Init)
    i.CO2Sensor_Test                         0x0000063e   Section        0  co2sensor.o(i.CO2Sensor_Test)
    i.Delay1ms                               0x00000652   Section        0  st7735.o(i.Delay1ms)
    i.Electrolysis_Init                      0x00000674   Section        0  electrolysis.o(i.Electrolysis_Init)
    i.Electrolysis_Off                       0x000006f4   Section        0  electrolysis.o(i.Electrolysis_Off)
    i.Electrolysis_On                        0x0000070c   Section        0  electrolysis.o(i.Electrolysis_On)
    i.Electrolysis_Test                      0x00000724   Section        0  electrolysis.o(i.Electrolysis_Test)
    i.GPIOPortBArm                           0x0000073c   Section        0  switch.o(i.GPIOPortBArm)
    GPIOPortBArm                             0x0000073d   Thumb Code    56  switch.o(i.GPIOPortBArm)
    i.GPIOPortB_Handler                      0x00000780   Section        0  switch.o(i.GPIOPortB_Handler)
    i.LCD_Init                               0x000007b0   Section        0  lcd.o(i.LCD_Init)
    i.LCD_Test                               0x000007ba   Section        0  lcd.o(i.LCD_Test)
    i.LCD_Update                             0x000007c8   Section        0  lcd.o(i.LCD_Update)
    i.LED_GreenOn                            0x0000084c   Section        0  led.o(i.LED_GreenOn)
    i.LED_Init                               0x00000874   Section        0  led.o(i.LED_Init)
    i.LED_RedOn                              0x000008f0   Section        0  led.o(i.LED_RedOn)
    i.LED_Test                               0x00000918   Section        0  led.o(i.LED_Test)
    i.LED_YellowOn                           0x00000938   Section        0  led.o(i.LED_YellowOn)
    i.PLL_Init                               0x00000960   Section        0  pll.o(i.PLL_Init)
    i.ST7735_DrawChar                        0x000009dc   Section        0  st7735.o(i.ST7735_DrawChar)
    i.ST7735_DrawCharS                       0x00000ae8   Section        0  st7735.o(i.ST7735_DrawCharS)
    i.ST7735_DrawPixel                       0x00000bdc   Section        0  st7735.o(i.ST7735_DrawPixel)
    i.ST7735_DrawString                      0x00000c28   Section        0  st7735.o(i.ST7735_DrawString)
    i.ST7735_FillRect                        0x00000c7c   Section        0  st7735.o(i.ST7735_FillRect)
    i.ST7735_FillScreen                      0x00000d28   Section        0  st7735.o(i.ST7735_FillScreen)
    i.ST7735_InitR                           0x00000d4c   Section        0  st7735.o(i.ST7735_InitR)
    i.ST7735_SetCursor                       0x00000dc8   Section        0  st7735.o(i.ST7735_SetCursor)
    i.Sound_Init                             0x00000de8   Section        0  sound.o(i.Sound_Init)
    i.Sound_Off                              0x00000f10   Section        0  sound.o(i.Sound_Off)
    i.Sound_On                               0x00000f24   Section        0  sound.o(i.Sound_On)
    i.Sound_Test                             0x00000f38   Section        0  sound.o(i.Sound_Test)
    i.Switch_Init                            0x00000f50   Section        0  switch.o(i.Switch_Init)
    i.SysTick_Handler                        0x00001008   Section        0  sound.o(i.SysTick_Handler)
    i.Timer0A_Handler                        0x00001010   Section        0  switch.o(i.Timer0A_Handler)
    i.Timer0Arm                              0x00001038   Section        0  switch.o(i.Timer0Arm)
    Timer0Arm                                0x00001039   Thumb Code    72  switch.o(i.Timer0Arm)
    i.Timer1A_Handler                        0x00001090   Section        0  co2sensor.o(i.Timer1A_Handler)
    i.Timer2A_Handler                        0x000010ac   Section        0  sound.o(i.Timer2A_Handler)
    i.commandList                            0x000010e8   Section        0  st7735.o(i.commandList)
    commandList                              0x000010e9   Thumb Code    86  st7735.o(i.commandList)
    i.commonInit                             0x00001140   Section        0  st7735.o(i.commonInit)
    commonInit                               0x00001141   Thumb Code   340  st7735.o(i.commonInit)
    i.drawCO2LevelSection                    0x000012c4   Section        0  lcd.o(i.drawCO2LevelSection)
    i.drawHardLimitSection                   0x000013b8   Section        0  lcd.o(i.drawHardLimitSection)
    i.drawProducingO2Section                 0x00001448   Section        0  lcd.o(i.drawProducingO2Section)
    i.drawSoftLimitSection                   0x00001478   Section        0  lcd.o(i.drawSoftLimitSection)
    i.getADCVal                              0x00001508   Section        0  co2sensor.o(i.getADCVal)
    i.initADC0                               0x00001534   Section        0  co2sensor.o(i.initADC0)
    i.initECSModules                         0x000015c4   Section        0  ecsmain.o(i.initECSModules)
    i.initECSState                           0x000015e8   Section        0  ecsmain.o(i.initECSState)
    i.initPE5                                0x0000162c   Section        0  co2sensor.o(i.initPE5)
    i.initTimer1A                            0x00001690   Section        0  co2sensor.o(i.initTimer1A)
    i.main                                   0x00001700   Section        0  ecsmain.o(i.main)
    i.mainTest                               0x000017a0   Section        0  ecsmain.o(i.mainTest)
    i.playSound                              0x000017e8   Section        0  sound.o(i.playSound)
    i.pushColor                              0x00001824   Section        0  st7735.o(i.pushColor)
    pushColor                                0x00001825   Thumb Code    18  st7735.o(i.pushColor)
    i.setAddrWindow                          0x00001838   Section        0  st7735.o(i.setAddrWindow)
    setAddrWindow                            0x00001839   Thumb Code   106  st7735.o(i.setAddrWindow)
    i.soundOut                               0x000018ac   Section        0  sound.o(i.soundOut)
    i.testHelperOverrideVars                 0x000018d8   Section        0  ecsmain.o(i.testHelperOverrideVars)
    i.testStates                             0x00001908   Section        0  ecsmain.o(i.testStates)
    i.testWait                               0x000019a0   Section        0  sound.o(i.testWait)
    testWait                                 0x000019a1   Thumb Code    14  sound.o(i.testWait)
    i.testWait                               0x000019b4   Section        0  ecsmain.o(i.testWait)
    testWait                                 0x000019b5   Thumb Code    14  ecsmain.o(i.testWait)
    i.testWait                               0x000019c8   Section        0  led.o(i.testWait)
    testWait                                 0x000019c9   Thumb Code    14  led.o(i.testWait)
    i.testWait                               0x000019dc   Section        0  electrolysis.o(i.testWait)
    testWait                                 0x000019dd   Thumb Code    14  electrolysis.o(i.testWait)
    i.testWait                               0x000019f0   Section        0  co2sensor.o(i.testWait)
    testWait                                 0x000019f1   Thumb Code    14  co2sensor.o(i.testWait)
    i.updateECSState                         0x00001a04   Section        0  ecsmain.o(i.updateECSState)
    i.updateECSSystem                        0x00001a5c   Section        0  ecsmain.o(i.updateECSSystem)
    i.updateElectrolysis                     0x00001a70   Section        0  ecsmain.o(i.updateElectrolysis)
    i.updateLED                              0x00001a8c   Section        0  ecsmain.o(i.updateLED)
    i.updatePrevValues                       0x00001ac4   Section        0  ecsmain.o(i.updatePrevValues)
    i.updateSound                            0x00001b28   Section        0  ecsmain.o(i.updateSound)
    i.writecommand                           0x00001b44   Section        0  st7735.o(i.writecommand)
    writecommand                             0x00001b45   Thumb Code    40  st7735.o(i.writecommand)
    i.writedata                              0x00001b74   Section        0  st7735.o(i.writedata)
    writedata                                0x00001b75   Thumb Code    24  st7735.o(i.writedata)
    .constdata                               0x00001b94   Section        8  sound.o(.constdata)
    Notes                                    0x00001b94   Data           8  sound.o(.constdata)
    .constdata                               0x00001b9c   Section      196  ecsmain.o(.constdata)
    .constdata                               0x00001c60   Section     2018  st7735.o(.constdata)
    Font                                     0x00001c60   Data        1275  st7735.o(.constdata)
    Bcmd                                     0x0000215b   Data         103  st7735.o(.constdata)
    Rcmd1                                    0x000021c2   Data          59  st7735.o(.constdata)
    Rcmd2green                               0x000021fd   Data          13  st7735.o(.constdata)
    Rcmd2red                                 0x0000220a   Data          13  st7735.o(.constdata)
    Rcmd3                                    0x00002217   Data          43  st7735.o(.constdata)
    .data                                    0x20000000   Section       12  sound.o(.data)
    Note                                     0x20000000   Data           4  sound.o(.data)
    Count                                    0x20000004   Data           4  sound.o(.data)
    SpeakerData                              0x20000008   Data           4  sound.o(.data)
    .data                                    0x2000000c   Section        4  switch.o(.data)
    Last                                     0x2000000c   Data           4  switch.o(.data)
    .data                                    0x20000010   Section       48  ecsmain.o(.data)
    .data                                    0x20000040   Section       44  st7735.o(.data)
    _width                                   0x2000004a   Data           2  st7735.o(.data)
    _height                                  0x2000004c   Data           2  st7735.o(.data)
    ColStart                                 0x20000054   Data           1  st7735.o(.data)
    RowStart                                 0x20000055   Data           1  st7735.o(.data)
    Rotation                                 0x20000056   Data           1  st7735.o(.data)
    TabColor                                 0x20000057   Data           1  st7735.o(.data)
    .bss                                     0x2000006c   Section       96  libspace.o(.bss)
    HEAP                                     0x200000d0   Section        0  startup.o(HEAP)
    STACK                                    0x200000d0   Section     1024  startup.o(STACK)
    HeapMem                                  0x200000d0   Data           0  startup.o(HEAP)
    StackMem                                 0x200000d0   Data           0  startup.o(STACK)

    Global Symbols

    Symbol Name                              Value     Ov Type        Size  Object(Section)

    BuildAttributes$$THM_ISAv4$E$P$D$K$B$S$7EM$PE$A:L22UL41UL21$X:L11$S22US41US21$IEEE1$IW$USESV6$~STKCKD$USESV7$~SHL$OSPACE$ROPI$EBA8$UX$STANDARDLIB$REQ8$PRES8$EABIv2 0x00000000   Number         0  anon$$obj.o ABSOLUTE
    __ARM_use_no_argv                        0x00000000   Number         0  ecsmain.o ABSOLUTE
    __Vectors                                0x00000000   Data           0  startup.o(RESET)
    __ARM_exceptions_init                     - Undefined Weak Reference
    __alloca_initialize                       - Undefined Weak Reference
    __cpp_initialize__aeabi_                  - Undefined Weak Reference
    __cxa_finalize                            - Undefined Weak Reference
    __rt_locale                               - Undefined Weak Reference
    __sigvec_lookup                           - Undefined Weak Reference
    _atexit_init                              - Undefined Weak Reference
    _call_atexit_fns                          - Undefined Weak Reference
    _clock_init                               - Undefined Weak Reference
    _fp_trap_init                             - Undefined Weak Reference
    _fp_trap_shutdown                         - Undefined Weak Reference
    _get_lc_collate                           - Undefined Weak Reference
    _get_lc_ctype                             - Undefined Weak Reference
    _get_lc_monetary                          - Undefined Weak Reference
    _get_lc_numeric                           - Undefined Weak Reference
    _get_lc_time                              - Undefined Weak Reference
    _getenv_init                              - Undefined Weak Reference
    _handle_redirection                       - Undefined Weak Reference
    _init_alloc                               - Undefined Weak Reference
    _init_user_alloc                          - Undefined Weak Reference
    _initio                                   - Undefined Weak Reference
    _rand_init                                - Undefined Weak Reference
    _signal_finish                            - Undefined Weak Reference
    _signal_init                              - Undefined Weak Reference
    _terminate_alloc                          - Undefined Weak Reference
    _terminate_user_alloc                     - Undefined Weak Reference
    _terminateio                              - Undefined Weak Reference
    Reset_Handler                            0x0000026d   Thumb Code     0  startup.o(RESET)
    NMI_Handler                              0x00000271   Thumb Code     2  startup.o(RESET)
    HardFault_Handler                        0x00000273   Thumb Code     2  startup.o(RESET)
    MemManage_Handler                        0x00000275   Thumb Code     2  startup.o(RESET)
    BusFault_Handler                         0x00000277   Thumb Code     2  startup.o(RESET)
    UsageFault_Handler                       0x00000279   Thumb Code     2  startup.o(RESET)
    SVC_Handler                              0x0000027b   Thumb Code     2  startup.o(RESET)
    DebugMon_Handler                         0x0000027d   Thumb Code     2  startup.o(RESET)
    PendSV_Handler                           0x0000027f   Thumb Code     2  startup.o(RESET)
    ADC0Seq0_Handler                         0x00000283   Thumb Code     0  startup.o(RESET)
    ADC0Seq1_Handler                         0x00000283   Thumb Code     0  startup.o(RESET)
    ADC0Seq2_Handler                         0x00000283   Thumb Code     0  startup.o(RESET)
    ADC0Seq3_Handler                         0x00000283   Thumb Code     0  startup.o(RESET)
    ADC1Seq0_Handler                         0x00000283   Thumb Code     0  startup.o(RESET)
    ADC1Seq1_Handler                         0x00000283   Thumb Code     0  startup.o(RESET)
    ADC1Seq2_Handler                         0x00000283   Thumb Code     0  startup.o(RESET)
    ADC1Seq3_Handler                         0x00000283   Thumb Code     0  startup.o(RESET)
    CAN0_Handler                             0x00000283   Thumb Code     0  startup.o(RESET)
    CAN1_Handler                             0x00000283   Thumb Code     0  startup.o(RESET)
    CAN2_Handler                             0x00000283   Thumb Code     0  startup.o(RESET)
    Comp0_Handler                            0x00000283   Thumb Code     0  startup.o(RESET)
    Comp1_Handler                            0x00000283   Thumb Code     0  startup.o(RESET)
    Comp2_Handler                            0x00000283   Thumb Code     0  startup.o(RESET)
    Ethernet_Handler                         0x00000283   Thumb Code     0  startup.o(RESET)
    ExtBus_Handler                           0x00000283   Thumb Code     0  startup.o(RESET)
    FPU_Handler                              0x00000283   Thumb Code     0  startup.o(RESET)
    Fan0_Handler                             0x00000283   Thumb Code     0  startup.o(RESET)
    FlashCtl_Handler                         0x00000283   Thumb Code     0  startup.o(RESET)
    GPIOPortA_Handler                        0x00000283   Thumb Code     0  startup.o(RESET)
    GPIOPortC_Handler                        0x00000283   Thumb Code     0  startup.o(RESET)
    GPIOPortD_Handler                        0x00000283   Thumb Code     0  startup.o(RESET)
    GPIOPortE_Handler                        0x00000283   Thumb Code     0  startup.o(RESET)
    GPIOPortF_Handler                        0x00000283   Thumb Code     0  startup.o(RESET)
    GPIOPortG_Handler                        0x00000283   Thumb Code     0  startup.o(RESET)
    GPIOPortH_Handler                        0x00000283   Thumb Code     0  startup.o(RESET)
    GPIOPortJ_Handler                        0x00000283   Thumb Code     0  startup.o(RESET)
    GPIOPortK_Handler                        0x00000283   Thumb Code     0  startup.o(RESET)
    GPIOPortL_Handler                        0x00000283   Thumb Code     0  startup.o(RESET)
    GPIOPortM_Handler                        0x00000283   Thumb Code     0  startup.o(RESET)
    GPIOPortN_Handler                        0x00000283   Thumb Code     0  startup.o(RESET)
    GPIOPortP1_Handler                       0x00000283   Thumb Code     0  startup.o(RESET)
    GPIOPortP2_Handler                       0x00000283   Thumb Code     0  startup.o(RESET)
    GPIOPortP3_Handler                       0x00000283   Thumb Code     0  startup.o(RESET)
    GPIOPortP4_Handler                       0x00000283   Thumb Code     0  startup.o(RESET)
    GPIOPortP5_Handler                       0x00000283   Thumb Code     0  startup.o(RESET)
    GPIOPortP6_Handler                       0x00000283   Thumb Code     0  startup.o(RESET)
    GPIOPortP7_Handler                       0x00000283   Thumb Code     0  startup.o(RESET)
    GPIOPortP_Handler                        0x00000283   Thumb Code     0  startup.o(RESET)
    GPIOPortQ1_Handler                       0x00000283   Thumb Code     0  startup.o(RESET)
    GPIOPortQ2_Handler                       0x00000283   Thumb Code     0  startup.o(RESET)
    GPIOPortQ3_Handler                       0x00000283   Thumb Code     0  startup.o(RESET)
    GPIOPortQ4_Handler                       0x00000283   Thumb Code     0  startup.o(RESET)
    GPIOPortQ5_Handler                       0x00000283   Thumb Code     0  startup.o(RESET)
    GPIOPortQ6_Handler                       0x00000283   Thumb Code     0  startup.o(RESET)
    GPIOPortQ7_Handler                       0x00000283   Thumb Code     0  startup.o(RESET)
    GPIOPortQ_Handler                        0x00000283   Thumb Code     0  startup.o(RESET)
    GPIOPortR_Handler                        0x00000283   Thumb Code     0  startup.o(RESET)
    GPIOPortS_Handler                        0x00000283   Thumb Code     0  startup.o(RESET)
    Hibernate_Handler                        0x00000283   Thumb Code     0  startup.o(RESET)
    I2C0_Handler                             0x00000283   Thumb Code     0  startup.o(RESET)
    I2C1_Handler                             0x00000283   Thumb Code     0  startup.o(RESET)
    I2C2_Handler                             0x00000283   Thumb Code     0  startup.o(RESET)
    I2C3_Handler                             0x00000283   Thumb Code     0  startup.o(RESET)
    I2C4_Handler                             0x00000283   Thumb Code     0  startup.o(RESET)
    I2C5_Handler                             0x00000283   Thumb Code     0  startup.o(RESET)
    I2S0_Handler                             0x00000283   Thumb Code     0  startup.o(RESET)
    LPC0_Handler                             0x00000283   Thumb Code     0  startup.o(RESET)
    PECI0_Handler                            0x00000283   Thumb Code     0  startup.o(RESET)
    PWM0Fault_Handler                        0x00000283   Thumb Code     0  startup.o(RESET)
    PWM0Generator0_Handler                   0x00000283   Thumb Code     0  startup.o(RESET)
    PWM0Generator1_Handler                   0x00000283   Thumb Code     0  startup.o(RESET)
    PWM0Generator2_Handler                   0x00000283   Thumb Code     0  startup.o(RESET)
    PWM0Generator3_Handler                   0x00000283   Thumb Code     0  startup.o(RESET)
    PWM1Fault_Handler                        0x00000283   Thumb Code     0  startup.o(RESET)
    PWM1Generator0_Handler                   0x00000283   Thumb Code     0  startup.o(RESET)
    PWM1Generator1_Handler                   0x00000283   Thumb Code     0  startup.o(RESET)
    PWM1Generator2_Handler                   0x00000283   Thumb Code     0  startup.o(RESET)
    PWM1Generator3_Handler                   0x00000283   Thumb Code     0  startup.o(RESET)
    Quadrature0_Handler                      0x00000283   Thumb Code     0  startup.o(RESET)
    Quadrature1_Handler                      0x00000283   Thumb Code     0  startup.o(RESET)
    Quadrature2_Handler                      0x00000283   Thumb Code     0  startup.o(RESET)
    SSI0_Handler                             0x00000283   Thumb Code     0  startup.o(RESET)
    SSI1_Handler                             0x00000283   Thumb Code     0  startup.o(RESET)
    SSI2_Handler                             0x00000283   Thumb Code     0  startup.o(RESET)
    SSI3_Handler                             0x00000283   Thumb Code     0  startup.o(RESET)
    SysCtl_Handler                           0x00000283   Thumb Code     0  startup.o(RESET)
    Timer0B_Handler                          0x00000283   Thumb Code     0  startup.o(RESET)
    Timer1B_Handler                          0x00000283   Thumb Code     0  startup.o(RESET)
    Timer2B_Handler                          0x00000283   Thumb Code     0  startup.o(RESET)
    Timer3A_Handler                          0x00000283   Thumb Code     0  startup.o(RESET)
    Timer3B_Handler                          0x00000283   Thumb Code     0  startup.o(RESET)
    Timer4A_Handler                          0x00000283   Thumb Code     0  startup.o(RESET)
    Timer4B_Handler                          0x00000283   Thumb Code     0  startup.o(RESET)
    Timer5A_Handler                          0x00000283   Thumb Code     0  startup.o(RESET)
    Timer5B_Handler                          0x00000283   Thumb Code     0  startup.o(RESET)
    UART0_Handler                            0x00000283   Thumb Code     0  startup.o(RESET)
    UART1_Handler                            0x00000283   Thumb Code     0  startup.o(RESET)
    UART2_Handler                            0x00000283   Thumb Code     0  startup.o(RESET)
    UART3_Handler                            0x00000283   Thumb Code     0  startup.o(RESET)
    UART4_Handler                            0x00000283   Thumb Code     0  startup.o(RESET)
    UART5_Handler                            0x00000283   Thumb Code     0  startup.o(RESET)
    UART6_Handler                            0x00000283   Thumb Code     0  startup.o(RESET)
    UART7_Handler                            0x00000283   Thumb Code     0  startup.o(RESET)
    USB0_Handler                             0x00000283   Thumb Code     0  startup.o(RESET)
    WDT_Handler                              0x00000283   Thumb Code     0  startup.o(RESET)
    WideTimer0A_Handler                      0x00000283   Thumb Code     0  startup.o(RESET)
    WideTimer0B_Handler                      0x00000283   Thumb Code     0  startup.o(RESET)
    WideTimer1A_Handler                      0x00000283   Thumb Code     0  startup.o(RESET)
    WideTimer1B_Handler                      0x00000283   Thumb Code     0  startup.o(RESET)
    WideTimer2A_Handler                      0x00000283   Thumb Code     0  startup.o(RESET)
    WideTimer2B_Handler                      0x00000283   Thumb Code     0  startup.o(RESET)
    WideTimer3A_Handler                      0x00000283   Thumb Code     0  startup.o(RESET)
    WideTimer3B_Handler                      0x00000283   Thumb Code     0  startup.o(RESET)
    WideTimer4A_Handler                      0x00000283   Thumb Code     0  startup.o(RESET)
    WideTimer4B_Handler                      0x00000283   Thumb Code     0  startup.o(RESET)
    WideTimer5A_Handler                      0x00000283   Thumb Code     0  startup.o(RESET)
    WideTimer5B_Handler                      0x00000283   Thumb Code     0  startup.o(RESET)
    uDMA_Error                               0x00000283   Thumb Code     0  startup.o(RESET)
    uDMA_Handler                             0x00000283   Thumb Code     0  startup.o(RESET)
    __main                                   0x00000285   Thumb Code     8  __main.o(!!!main)
    __scatterload                            0x0000028d   Thumb Code     0  __scatter.o(!!!scatter)
    __scatterload_rt2                        0x0000028d   Thumb Code    44  __scatter.o(!!!scatter)
    __scatterload_rt2_thumb_only             0x0000028d   Thumb Code     0  __scatter.o(!!!scatter)
    __scatterload_null                       0x0000029b   Thumb Code     0  __scatter.o(!!!scatter)
    __scatterload_copy                       0x000002c1   Thumb Code    26  __scatter_copy.o(!!handler_copy)
    __scatterload_zeroinit                   0x000002dd   Thumb Code    28  __scatter_zi.o(!!handler_zi)
    __rt_lib_init                            0x000002f9   Thumb Code     0  libinit.o(.ARM.Collect$$libinit$$00000000)
    __rt_lib_init_alloca_1                   0x000002fb   Thumb Code     0  libinit2.o(.ARM.Collect$$libinit$$0000002C)
    __rt_lib_init_argv_1                     0x000002fb   Thumb Code     0  libinit2.o(.ARM.Collect$$libinit$$0000002A)
    __rt_lib_init_atexit_1                   0x000002fb   Thumb Code     0  libinit2.o(.ARM.Collect$$libinit$$00000019)
    __rt_lib_init_clock_1                    0x000002fb   Thumb Code     0  libinit2.o(.ARM.Collect$$libinit$$0000001F)
    __rt_lib_init_cpp_1                      0x000002fb   Thumb Code     0  libinit2.o(.ARM.Collect$$libinit$$00000030)
    __rt_lib_init_exceptions_1               0x000002fb   Thumb Code     0  libinit2.o(.ARM.Collect$$libinit$$0000002E)
    __rt_lib_init_fp_1                       0x000002fb   Thumb Code     0  libinit2.o(.ARM.Collect$$libinit$$00000002)
    __rt_lib_init_fp_trap_1                  0x000002fb   Thumb Code     0  libinit2.o(.ARM.Collect$$libinit$$0000001D)
    __rt_lib_init_getenv_1                   0x000002fb   Thumb Code     0  libinit2.o(.ARM.Collect$$libinit$$00000021)
    __rt_lib_init_heap_1                     0x000002fb   Thumb Code     0  libinit2.o(.ARM.Collect$$libinit$$00000008)
    __rt_lib_init_lc_collate_1               0x000002fb   Thumb Code     0  libinit2.o(.ARM.Collect$$libinit$$0000000F)
    __rt_lib_init_lc_ctype_1                 0x000002fb   Thumb Code     0  libinit2.o(.ARM.Collect$$libinit$$00000011)
    __rt_lib_init_lc_monetary_1              0x000002fb   Thumb Code     0  libinit2.o(.ARM.Collect$$libinit$$00000013)
    __rt_lib_init_lc_numeric_1               0x000002fb   Thumb Code     0  libinit2.o(.ARM.Collect$$libinit$$00000015)
    __rt_lib_init_lc_time_1                  0x000002fb   Thumb Code     0  libinit2.o(.ARM.Collect$$libinit$$00000017)
    __rt_lib_init_rand_1                     0x000002fb   Thumb Code     0  libinit2.o(.ARM.Collect$$libinit$$0000000C)
    __rt_lib_init_return                     0x000002fb   Thumb Code     0  libinit2.o(.ARM.Collect$$libinit$$00000031)
    __rt_lib_init_signal_1                   0x000002fb   Thumb Code     0  libinit2.o(.ARM.Collect$$libinit$$0000001B)
    __rt_lib_init_stdio_1                    0x000002fb   Thumb Code     0  libinit2.o(.ARM.Collect$$libinit$$00000023)
    __rt_lib_init_user_alloc_1               0x000002fb   Thumb Code     0  libinit2.o(.ARM.Collect$$libinit$$0000000A)
    __rt_lib_shutdown                        0x000002fd   Thumb Code     0  libshutdown.o(.ARM.Collect$$libshutdown$$00000000)
    __rt_lib_shutdown_fp_trap_1              0x000002ff   Thumb Code     0  libshutdown2.o(.ARM.Collect$$libshutdown$$00000006)
    __rt_lib_shutdown_heap_1                 0x000002ff   Thumb Code     0  libshutdown2.o(.ARM.Collect$$libshutdown$$0000000E)
    __rt_lib_shutdown_return                 0x000002ff   Thumb Code     0  libshutdown2.o(.ARM.Collect$$libshutdown$$0000000F)
    __rt_lib_shutdown_signal_1               0x000002ff   Thumb Code     0  libshutdown2.o(.ARM.Collect$$libshutdown$$00000009)
    __rt_lib_shutdown_stdio_1                0x000002ff   Thumb Code     0  libshutdown2.o(.ARM.Collect$$libshutdown$$00000003)
    __rt_lib_shutdown_user_alloc_1           0x000002ff   Thumb Code     0  libshutdown2.o(.ARM.Collect$$libshutdown$$0000000B)
    __rt_entry                               0x00000301   Thumb Code     0  rtentry.o(.ARM.Collect$$rtentry$$00000000)
    __rt_entry_presh_1                       0x00000301   Thumb Code     0  rtentry2.o(.ARM.Collect$$rtentry$$00000002)
    __rt_entry_sh                            0x00000301   Thumb Code     0  rtentry4.o(.ARM.Collect$$rtentry$$00000004)
    __rt_entry_li                            0x00000307   Thumb Code     0  rtentry2.o(.ARM.Collect$$rtentry$$0000000A)
    __rt_entry_postsh_1                      0x00000307   Thumb Code     0  rtentry2.o(.ARM.Collect$$rtentry$$00000009)
    __rt_entry_main                          0x0000030b   Thumb Code     0  rtentry2.o(.ARM.Collect$$rtentry$$0000000D)
    __rt_entry_postli_1                      0x0000030b   Thumb Code     0  rtentry2.o(.ARM.Collect$$rtentry$$0000000C)
    __rt_exit                                0x00000313   Thumb Code     0  rtexit.o(.ARM.Collect$$rtexit$$00000000)
    __rt_exit_ls                             0x00000315   Thumb Code     0  rtexit2.o(.ARM.Collect$$rtexit$$00000003)
    __rt_exit_prels_1                        0x00000315   Thumb Code     0  rtexit2.o(.ARM.Collect$$rtexit$$00000002)
    __rt_exit_exit                           0x00000319   Thumb Code     0  rtexit2.o(.ARM.Collect$$rtexit$$00000004)
    DisableInterrupts                        0x00000321   Thumb Code     0  startup.o(.text)
    EnableInterrupts                         0x00000325   Thumb Code     0  startup.o(.text)
    StartCritical                            0x00000329   Thumb Code     0  startup.o(.text)
    EndCritical                              0x00000331   Thumb Code     0  startup.o(.text)
    WaitForInterrupt                         0x00000337   Thumb Code     0  startup.o(.text)
    __user_initial_stackheap                 0x0000033b   Thumb Code     0  startup.o(.text)
    __aeabi_assert                           0x00000351   Thumb Code    84  assert.o(.text)
    __assert                                 0x00000351   Thumb Code     0  assert.o(.text)
    __aeabi_memcpy4                          0x000003cd   Thumb Code     0  rt_memcpy_w.o(.text)
    __aeabi_memcpy8                          0x000003cd   Thumb Code     0  rt_memcpy_w.o(.text)
    __rt_memcpy_w                            0x000003cd   Thumb Code   100  rt_memcpy_w.o(.text)
    _memcpy_lastbytes_aligned                0x00000415   Thumb Code     0  rt_memcpy_w.o(.text)
    __use_two_region_memory                  0x00000431   Thumb Code     2  heapauxi.o(.text)
    __rt_heap_escrow$2region                 0x00000433   Thumb Code     2  heapauxi.o(.text)
    __rt_heap_expand$2region                 0x00000435   Thumb Code     2  heapauxi.o(.text)
    abort                                    0x00000437   Thumb Code    16  abort.o(.text)
    __assert_puts                            0x00000447   Thumb Code    20  assert_puts.o(.text)
    _ttywrch                                 0x0000045b   Thumb Code    14  sys_wrch.o(.text)
    _sys_exit                                0x00000469   Thumb Code     8  sys_exit.o(.text)
    __rt_SIGABRT                             0x00000475   Thumb Code    14  defsig_abrt_outer.o(.text)
    __I$use$semihosting                      0x00000483   Thumb Code     0  use_no_semi.o(.text)
    __use_no_semihosting_swi                 0x00000483   Thumb Code     2  use_no_semi.o(.text)
    __semihosting_library_function           0x00000485   Thumb Code     0  indicate_semi.o(.text)
    __user_setup_stackheap                   0x00000485   Thumb Code    74  sys_stackheap_outer.o(.text)
    exit                                     0x000004cf   Thumb Code    12  exit.o(.text)
    __sig_exit                               0x000004db   Thumb Code    10  defsig_exit.o(.text)
    __rt_SIGABRT_inner                       0x000004e5   Thumb Code    14  defsig_abrt_inner.o(.text)
    __user_libspace                          0x00000515   Thumb Code     8  libspace.o(.text)
    __user_perproc_libspace                  0x00000515   Thumb Code     0  libspace.o(.text)
    __user_perthread_libspace                0x00000515   Thumb Code     0  libspace.o(.text)
    __default_signal_display                 0x0000051d   Thumb Code    50  defsig_general.o(.text)
    ButtonPressed                            0x00000551   Thumb Code   200  switch.o(i.ButtonPressed)
    CO2Sensor_ADCToPercCO2                   0x00000629   Thumb Code     6  co2sensor.o(i.CO2Sensor_ADCToPercCO2)
    CO2Sensor_Init                           0x0000062f   Thumb Code    16  co2sensor.o(i.CO2Sensor_Init)
    CO2Sensor_Test                           0x0000063f   Thumb Code    20  co2sensor.o(i.CO2Sensor_Test)
    Delay1ms                                 0x00000653   Thumb Code    32  st7735.o(i.Delay1ms)
    Electrolysis_Init                        0x00000675   Thumb Code   108  electrolysis.o(i.Electrolysis_Init)
    Electrolysis_Off                         0x000006f5   Thumb Code    16  electrolysis.o(i.Electrolysis_Off)
    Electrolysis_On                          0x0000070d   Thumb Code    16  electrolysis.o(i.Electrolysis_On)
    Electrolysis_Test                        0x00000725   Thumb Code    24  electrolysis.o(i.Electrolysis_Test)
    GPIOPortB_Handler                        0x00000781   Thumb Code    40  switch.o(i.GPIOPortB_Handler)
    LCD_Init                                 0x000007b1   Thumb Code    10  lcd.o(i.LCD_Init)
    LCD_Test                                 0x000007bb   Thumb Code    12  lcd.o(i.LCD_Test)
    LCD_Update                               0x000007c9   Thumb Code    96  lcd.o(i.LCD_Update)
    LED_GreenOn                              0x0000084d   Thumb Code    30  led.o(i.LED_GreenOn)
    LED_Init                                 0x00000875   Thumb Code   104  led.o(i.LED_Init)
    LED_RedOn                                0x000008f1   Thumb Code    30  led.o(i.LED_RedOn)
    LED_Test                                 0x00000919   Thumb Code    32  led.o(i.LED_Test)
    LED_YellowOn                             0x00000939   Thumb Code    30  led.o(i.LED_YellowOn)
    PLL_Init                                 0x00000961   Thumb Code   118  pll.o(i.PLL_Init)
    ST7735_DrawChar                          0x000009dd   Thumb Code   256  st7735.o(i.ST7735_DrawChar)
    ST7735_DrawCharS                         0x00000ae9   Thumb Code   232  st7735.o(i.ST7735_DrawCharS)
    ST7735_DrawPixel                         0x00000bdd   Thumb Code    68  st7735.o(i.ST7735_DrawPixel)
    ST7735_DrawString                        0x00000c29   Thumb Code    84  st7735.o(i.ST7735_DrawString)
    ST7735_FillRect                          0x00000c7d   Thumb Code   164  st7735.o(i.ST7735_FillRect)
    ST7735_FillScreen                        0x00000d29   Thumb Code    28  st7735.o(i.ST7735_FillScreen)
    ST7735_InitR                             0x00000d4d   Thumb Code    90  st7735.o(i.ST7735_InitR)
    ST7735_SetCursor                         0x00000dc9   Thumb Code    22  st7735.o(i.ST7735_SetCursor)
    Sound_Init                               0x00000de9   Thumb Code   242  sound.o(i.Sound_Init)
    Sound_Off                                0x00000f11   Thumb Code    14  sound.o(i.Sound_Off)
    Sound_On                                 0x00000f25   Thumb Code    16  sound.o(i.Sound_On)
    Sound_Test                               0x00000f39   Thumb Code    24  sound.o(i.Sound_Test)
    Switch_Init                              0x00000f51   Thumb Code   160  switch.o(i.Switch_Init)
    SysTick_Handler                          0x00001009   Thumb Code     8  sound.o(i.SysTick_Handler)
    Timer0A_Handler                          0x00001011   Thumb Code    26  switch.o(i.Timer0A_Handler)
    Timer1A_Handler                          0x00001091   Thumb Code    18  co2sensor.o(i.Timer1A_Handler)
    Timer2A_Handler                          0x000010ad   Thumb Code    44  sound.o(i.Timer2A_Handler)
    drawCO2LevelSection                      0x000012c5   Thumb Code   230  lcd.o(i.drawCO2LevelSection)
    drawHardLimitSection                     0x000013b9   Thumb Code   130  lcd.o(i.drawHardLimitSection)
    drawProducingO2Section                   0x00001449   Thumb Code    28  lcd.o(i.drawProducingO2Section)
    drawSoftLimitSection                     0x00001479   Thumb Code   130  lcd.o(i.drawSoftLimitSection)
    getADCVal                                0x00001509   Thumb Code    36  co2sensor.o(i.getADCVal)
    initADC0                                 0x00001535   Thumb Code   126  co2sensor.o(i.initADC0)
    initECSModules                           0x000015c5   Thumb Code    36  ecsmain.o(i.initECSModules)
    initECSState                             0x000015e9   Thumb Code    40  ecsmain.o(i.initECSState)
    initPE5                                  0x0000162d   Thumb Code    84  co2sensor.o(i.initPE5)
    initTimer1A                              0x00001691   Thumb Code    92  co2sensor.o(i.initTimer1A)
    main                                     0x00001701   Thumb Code   120  ecsmain.o(i.main)
    mainTest                                 0x000017a1   Thumb Code    66  ecsmain.o(i.mainTest)
    playSound                                0x000017e9   Thumb Code    52  sound.o(i.playSound)
    soundOut                                 0x000018ad   Thumb Code    34  sound.o(i.soundOut)
    testHelperOverrideVars                   0x000018d9   Thumb Code    32  ecsmain.o(i.testHelperOverrideVars)
    testStates                               0x00001909   Thumb Code    90  ecsmain.o(i.testStates)
    updateECSState                           0x00001a05   Thumb Code    60  ecsmain.o(i.updateECSState)
    updateECSSystem                          0x00001a5d   Thumb Code    20  ecsmain.o(i.updateECSSystem)
    updateElectrolysis                       0x00001a71   Thumb Code    24  ecsmain.o(i.updateElectrolysis)
    updateLED                                0x00001a8d   Thumb Code    50  ecsmain.o(i.updateLED)
    updatePrevValues                         0x00001ac5   Thumb Code    50  ecsmain.o(i.updatePrevValues)
    updateSound                              0x00001b29   Thumb Code    24  ecsmain.o(i.updateSound)
    ECSStateNoLimitPassed                    0x00001b9c   Data           3  ecsmain.o(.constdata)
    ECSStateSoftLimitPassed                  0x00001b9f   Data           3  ecsmain.o(.constdata)
    ECSStateHardLimitPassed                  0x00001ba2   Data           3  ecsmain.o(.constdata)
    testStatesCasesSize                      0x00001ba8   Data           4  ecsmain.o(.constdata)
    testStatesCases                          0x00001bac   Data         180  ecsmain.o(.constdata)
    dBfs                                     0x00002242   Data         512  st7735.o(.constdata)
    Region$$Table$$Base                      0x00002444   Number         0  anon$$obj.o(Region$$Table)
    Region$$Table$$Limit                     0x00002464   Number         0  anon$$obj.o(Region$$Table)
    TestMode                                 0x20000010   Data           1  ecsmain.o(.data)
    ECSMain_EditMode                         0x20000011   Data           1  ecsmain.o(.data)
    ECSMain_State                            0x20000014   Data           4  ecsmain.o(.data)
    ECSMain_CO2ADCVal                        0x20000018   Data           4  ecsmain.o(.data)
    ECSMain_SoftLimit                        0x2000001c   Data           4  ecsmain.o(.data)
    ECSMain_HardLimit                        0x20000020   Data           4  ecsmain.o(.data)
    ECSMain_CO2Val                           0x20000024   Data           4  ecsmain.o(.data)
    ECSMain_PrevCO2ADCVal                    0x20000028   Data           4  ecsmain.o(.data)
    ECSMain_PrevCO2Val                       0x2000002c   Data           4  ecsmain.o(.data)
    ECSMain_PrevSoftLimit                    0x20000030   Data           4  ecsmain.o(.data)
    ECSMain_PrevHardLimit                    0x20000034   Data           4  ecsmain.o(.data)
    ECSMain_PrevEditMode                     0x20000038   Data           4  ecsmain.o(.data)
    PrevECSState                             0x2000003c   Data           4  ecsmain.o(.data)
    StX                                      0x20000040   Data           4  st7735.o(.data)
    StY                                      0x20000044   Data           4  st7735.o(.data)
    StTextColor                              0x20000048   Data           2  st7735.o(.data)
    lastj                                    0x20000050   Data           4  st7735.o(.data)
    Messageindex                             0x20000058   Data           4  st7735.o(.data)
    Ymax                                     0x2000005c   Data           4  st7735.o(.data)
    Ymin                                     0x20000060   Data           4  st7735.o(.data)
    X                                        0x20000064   Data           4  st7735.o(.data)
    Yrange                                   0x20000068   Data           4  st7735.o(.data)
    __libspace_start                         0x2000006c   Data          96  libspace.o(.bss)
    __temporary_stack_top$libspace           0x200000cc   Data           0  libspace.o(.bss)



==============================================================================

Memory Map of the image

  Image Entry point : 0x0000026d

  Load Region LR_1 (Base: 0x00000000, Size: 0x000024d0, Max: 0xffffffff, ABSOLUTE)

    Execution Region ER_RO (Base: 0x00000000, Size: 0x00002464, Max: 0xffffffff, ABSOLUTE)

    Base Addr    Size         Type   Attr      Idx    E Section Name        Object

    0x00000000   0x00000284   Code   RO            3  * RESET               startup.o
    0x00000284   0x00000008   Code   RO          709  * !!!main             c_w.l(__main.o)
    0x0000028c   0x00000034   Code   RO          871    !!!scatter          c_w.l(__scatter.o)
    0x000002c0   0x0000001a   Code   RO          873    !!handler_copy      c_w.l(__scatter_copy.o)
    0x000002da   0x00000002   PAD
    0x000002dc   0x0000001c   Code   RO          875    !!handler_zi        c_w.l(__scatter_zi.o)
    0x000002f8   0x00000002   Code   RO          757    .ARM.Collect$$libinit$$00000000  c_w.l(libinit.o)
    0x000002fa   0x00000000   Code   RO          768    .ARM.Collect$$libinit$$00000002  c_w.l(libinit2.o)
    0x000002fa   0x00000000   Code   RO          771    .ARM.Collect$$libinit$$00000008  c_w.l(libinit2.o)
    0x000002fa   0x00000000   Code   RO          773    .ARM.Collect$$libinit$$0000000A  c_w.l(libinit2.o)
    0x000002fa   0x00000000   Code   RO          775    .ARM.Collect$$libinit$$0000000C  c_w.l(libinit2.o)
    0x000002fa   0x00000000   Code   RO          778    .ARM.Collect$$libinit$$0000000F  c_w.l(libinit2.o)
    0x000002fa   0x00000000   Code   RO          780    .ARM.Collect$$libinit$$00000011  c_w.l(libinit2.o)
    0x000002fa   0x00000000   Code   RO          782    .ARM.Collect$$libinit$$00000013  c_w.l(libinit2.o)
    0x000002fa   0x00000000   Code   RO          784    .ARM.Collect$$libinit$$00000015  c_w.l(libinit2.o)
    0x000002fa   0x00000000   Code   RO          786    .ARM.Collect$$libinit$$00000017  c_w.l(libinit2.o)
    0x000002fa   0x00000000   Code   RO          788    .ARM.Collect$$libinit$$00000019  c_w.l(libinit2.o)
    0x000002fa   0x00000000   Code   RO          790    .ARM.Collect$$libinit$$0000001B  c_w.l(libinit2.o)
    0x000002fa   0x00000000   Code   RO          792    .ARM.Collect$$libinit$$0000001D  c_w.l(libinit2.o)
    0x000002fa   0x00000000   Code   RO          794    .ARM.Collect$$libinit$$0000001F  c_w.l(libinit2.o)
    0x000002fa   0x00000000   Code   RO          796    .ARM.Collect$$libinit$$00000021  c_w.l(libinit2.o)
    0x000002fa   0x00000000   Code   RO          798    .ARM.Collect$$libinit$$00000023  c_w.l(libinit2.o)
    0x000002fa   0x00000000   Code   RO          802    .ARM.Collect$$libinit$$0000002A  c_w.l(libinit2.o)
    0x000002fa   0x00000000   Code   RO          804    .ARM.Collect$$libinit$$0000002C  c_w.l(libinit2.o)
    0x000002fa   0x00000000   Code   RO          806    .ARM.Collect$$libinit$$0000002E  c_w.l(libinit2.o)
    0x000002fa   0x00000000   Code   RO          808    .ARM.Collect$$libinit$$00000030  c_w.l(libinit2.o)
    0x000002fa   0x00000002   Code   RO          809    .ARM.Collect$$libinit$$00000031  c_w.l(libinit2.o)
    0x000002fc   0x00000002   Code   RO          845    .ARM.Collect$$libshutdown$$00000000  c_w.l(libshutdown.o)
    0x000002fe   0x00000000   Code   RO          856    .ARM.Collect$$libshutdown$$00000003  c_w.l(libshutdown2.o)
    0x000002fe   0x00000000   Code   RO          859    .ARM.Collect$$libshutdown$$00000006  c_w.l(libshutdown2.o)
    0x000002fe   0x00000000   Code   RO          862    .ARM.Collect$$libshutdown$$00000009  c_w.l(libshutdown2.o)
    0x000002fe   0x00000000   Code   RO          864    .ARM.Collect$$libshutdown$$0000000B  c_w.l(libshutdown2.o)
    0x000002fe   0x00000000   Code   RO          867    .ARM.Collect$$libshutdown$$0000000E  c_w.l(libshutdown2.o)
    0x000002fe   0x00000002   Code   RO          868    .ARM.Collect$$libshutdown$$0000000F  c_w.l(libshutdown2.o)
    0x00000300   0x00000000   Code   RO          711    .ARM.Collect$$rtentry$$00000000  c_w.l(rtentry.o)
    0x00000300   0x00000000   Code   RO          721    .ARM.Collect$$rtentry$$00000002  c_w.l(rtentry2.o)
    0x00000300   0x00000006   Code   RO          733    .ARM.Collect$$rtentry$$00000004  c_w.l(rtentry4.o)
    0x00000306   0x00000000   Code   RO          723    .ARM.Collect$$rtentry$$00000009  c_w.l(rtentry2.o)
    0x00000306   0x00000004   Code   RO          724    .ARM.Collect$$rtentry$$0000000A  c_w.l(rtentry2.o)
    0x0000030a   0x00000000   Code   RO          726    .ARM.Collect$$rtentry$$0000000C  c_w.l(rtentry2.o)
    0x0000030a   0x00000008   Code   RO          727    .ARM.Collect$$rtentry$$0000000D  c_w.l(rtentry2.o)
    0x00000312   0x00000002   Code   RO          761    .ARM.Collect$$rtexit$$00000000  c_w.l(rtexit.o)
    0x00000314   0x00000000   Code   RO          811    .ARM.Collect$$rtexit$$00000002  c_w.l(rtexit2.o)
    0x00000314   0x00000004   Code   RO          812    .ARM.Collect$$rtexit$$00000003  c_w.l(rtexit2.o)
    0x00000318   0x00000006   Code   RO          813    .ARM.Collect$$rtexit$$00000004  c_w.l(rtexit2.o)
    0x0000031e   0x00000002   PAD
    0x00000320   0x00000030   Code   RO            4    .text               startup.o
    0x00000350   0x0000007c   Code   RO          703    .text               c_w.l(assert.o)
    0x000003cc   0x00000064   Code   RO          705    .text               c_w.l(rt_memcpy_w.o)
    0x00000430   0x00000006   Code   RO          707    .text               c_w.l(heapauxi.o)
    0x00000436   0x00000010   Code   RO          712    .text               c_w.l(abort.o)
    0x00000446   0x00000014   Code   RO          714    .text               c_w.l(assert_puts.o)
    0x0000045a   0x0000000e   Code   RO          716    .text               c_w.l(sys_wrch.o)
    0x00000468   0x0000000c   Code   RO          718    .text               c_w.l(sys_exit.o)
    0x00000474   0x0000000e   Code   RO          735    .text               c_w.l(defsig_abrt_outer.o)
    0x00000482   0x00000002   Code   RO          739    .text               c_w.l(use_no_semi.o)
    0x00000484   0x00000000   Code   RO          741    .text               c_w.l(indicate_semi.o)
    0x00000484   0x0000004a   Code   RO          742    .text               c_w.l(sys_stackheap_outer.o)
    0x000004ce   0x0000000c   Code   RO          746    .text               c_w.l(exit.o)
    0x000004da   0x0000000a   Code   RO          748    .text               c_w.l(defsig_exit.o)
    0x000004e4   0x00000030   Code   RO          750    .text               c_w.l(defsig_abrt_inner.o)
    0x00000514   0x00000008   Code   RO          758    .text               c_w.l(libspace.o)
    0x0000051c   0x00000032   Code   RO          765    .text               c_w.l(defsig_general.o)
    0x0000054e   0x00000002   PAD
    0x00000550   0x000000d8   Code   RO           99    i.ButtonPressed     switch.o
    0x00000628   0x00000006   Code   RO          315    i.CO2Sensor_ADCToPercCO2  co2sensor.o
    0x0000062e   0x00000010   Code   RO          316    i.CO2Sensor_Init    co2sensor.o
    0x0000063e   0x00000014   Code   RO          317    i.CO2Sensor_Test    co2sensor.o
    0x00000652   0x00000020   Code   RO          428    i.Delay1ms          st7735.o
    0x00000672   0x00000002   PAD
    0x00000674   0x00000080   Code   RO          280    i.Electrolysis_Init  electrolysis.o
    0x000006f4   0x00000018   Code   RO          281    i.Electrolysis_Off  electrolysis.o
    0x0000070c   0x00000018   Code   RO          282    i.Electrolysis_On   electrolysis.o
    0x00000724   0x00000018   Code   RO          283    i.Electrolysis_Test  electrolysis.o
    0x0000073c   0x00000044   Code   RO          100    i.GPIOPortBArm      switch.o
    0x00000780   0x00000030   Code   RO          101    i.GPIOPortB_Handler  switch.o
    0x000007b0   0x0000000a   Code   RO          374    i.LCD_Init          lcd.o
    0x000007ba   0x0000000c   Code   RO          375    i.LCD_Test          lcd.o
    0x000007c6   0x00000002   PAD
    0x000007c8   0x00000084   Code   RO          376    i.LCD_Update        lcd.o
    0x0000084c   0x00000028   Code   RO          239    i.LED_GreenOn       led.o
    0x00000874   0x0000007c   Code   RO          240    i.LED_Init          led.o
    0x000008f0   0x00000028   Code   RO          241    i.LED_RedOn         led.o
    0x00000918   0x00000020   Code   RO          242    i.LED_Test          led.o
    0x00000938   0x00000028   Code   RO          243    i.LED_YellowOn      led.o
    0x00000960   0x0000007c   Code   RO           12    i.PLL_Init          pll.o
    0x000009dc   0x0000010c   Code   RO          436    i.ST7735_DrawChar   st7735.o
    0x00000ae8   0x000000f4   Code   RO          437    i.ST7735_DrawCharS  st7735.o
    0x00000bdc   0x0000004c   Code   RO          440    i.ST7735_DrawPixel  st7735.o
    0x00000c28   0x00000054   Code   RO          441    i.ST7735_DrawString  st7735.o
    0x00000c7c   0x000000ac   Code   RO          442    i.ST7735_FillRect   st7735.o
    0x00000d28   0x00000024   Code   RO          443    i.ST7735_FillScreen  st7735.o
    0x00000d4c   0x0000007c   Code   RO          445    i.ST7735_InitR      st7735.o
    0x00000dc8   0x00000020   Code   RO          458    i.ST7735_SetCursor  st7735.o
    0x00000de8   0x00000128   Code   RO           34    i.Sound_Init        sound.o
    0x00000f10   0x00000014   Code   RO           35    i.Sound_Off         sound.o
    0x00000f24   0x00000014   Code   RO           36    i.Sound_On          sound.o
    0x00000f38   0x00000018   Code   RO           37    i.Sound_Test        sound.o
    0x00000f50   0x000000b8   Code   RO          102    i.Switch_Init       switch.o
    0x00001008   0x00000008   Code   RO           38    i.SysTick_Handler   sound.o
    0x00001010   0x00000028   Code   RO          103    i.Timer0A_Handler   switch.o
    0x00001038   0x00000058   Code   RO          104    i.Timer0Arm         switch.o
    0x00001090   0x0000001c   Code   RO          318    i.Timer1A_Handler   co2sensor.o
    0x000010ac   0x0000003c   Code   RO           39    i.Timer2A_Handler   sound.o
    0x000010e8   0x00000056   Code   RO          462    i.commandList       st7735.o
    0x0000113e   0x00000002   PAD
    0x00001140   0x00000184   Code   RO          463    i.commonInit        st7735.o
    0x000012c4   0x000000f4   Code   RO          377    i.drawCO2LevelSection  lcd.o
    0x000013b8   0x00000090   Code   RO          378    i.drawHardLimitSection  lcd.o
    0x00001448   0x00000030   Code   RO          379    i.drawProducingO2Section  lcd.o
    0x00001478   0x00000090   Code   RO          380    i.drawSoftLimitSection  lcd.o
    0x00001508   0x0000002c   Code   RO          319    i.getADCVal         co2sensor.o
    0x00001534   0x00000090   Code   RO          320    i.initADC0          co2sensor.o
    0x000015c4   0x00000024   Code   RO          147    i.initECSModules    ecsmain.o
    0x000015e8   0x00000044   Code   RO          148    i.initECSState      ecsmain.o
    0x0000162c   0x00000064   Code   RO          321    i.initPE5           co2sensor.o
    0x00001690   0x00000070   Code   RO          322    i.initTimer1A       co2sensor.o
    0x00001700   0x000000a0   Code   RO          149    i.main              ecsmain.o
    0x000017a0   0x00000048   Code   RO          150    i.mainTest          ecsmain.o
    0x000017e8   0x0000003c   Code   RO           40    i.playSound         sound.o
    0x00001824   0x00000012   Code   RO          468    i.pushColor         st7735.o
    0x00001836   0x00000002   PAD
    0x00001838   0x00000074   Code   RO          469    i.setAddrWindow     st7735.o
    0x000018ac   0x0000002c   Code   RO           41    i.soundOut          sound.o
    0x000018d8   0x00000030   Code   RO          151    i.testHelperOverrideVars  ecsmain.o
    0x00001908   0x00000098   Code   RO          152    i.testStates        ecsmain.o
    0x000019a0   0x00000014   Code   RO           42    i.testWait          sound.o
    0x000019b4   0x00000014   Code   RO          153    i.testWait          ecsmain.o
    0x000019c8   0x00000014   Code   RO          244    i.testWait          led.o
    0x000019dc   0x00000014   Code   RO          284    i.testWait          electrolysis.o
    0x000019f0   0x00000014   Code   RO          323    i.testWait          co2sensor.o
    0x00001a04   0x00000058   Code   RO          154    i.updateECSState    ecsmain.o
    0x00001a5c   0x00000014   Code   RO          155    i.updateECSSystem   ecsmain.o
    0x00001a70   0x0000001c   Code   RO          156    i.updateElectrolysis  ecsmain.o
    0x00001a8c   0x00000038   Code   RO          157    i.updateLED         ecsmain.o
    0x00001ac4   0x00000064   Code   RO          158    i.updatePrevValues  ecsmain.o
    0x00001b28   0x0000001c   Code   RO          159    i.updateSound       ecsmain.o
    0x00001b44   0x00000030   Code   RO          470    i.writecommand      st7735.o
    0x00001b74   0x00000020   Code   RO          471    i.writedata         st7735.o
    0x00001b94   0x00000008   Data   RO           43    .constdata          sound.o
    0x00001b9c   0x000000c4   Data   RO          160    .constdata          ecsmain.o
    0x00001c60   0x000007e2   Data   RO          473    .constdata          st7735.o
    0x00002442   0x00000002   PAD
    0x00002444   0x00000020   Data   RO          869    Region$$Table       anon$$obj.o


    Execution Region ER_RW (Base: 0x20000000, Size: 0x0000006c, Max: 0xffffffff, ABSOLUTE)

    Base Addr    Size         Type   Attr      Idx    E Section Name        Object

    0x20000000   0x0000000c   Data   RW           44    .data               sound.o
    0x2000000c   0x00000004   Data   RW          105    .data               switch.o
    0x20000010   0x00000030   Data   RW          161    .data               ecsmain.o
    0x20000040   0x0000002c   Data   RW          474    .data               st7735.o


    Execution Region ER_ZI (Base: 0x2000006c, Size: 0x00000464, Max: 0xffffffff, ABSOLUTE)

    Base Addr    Size         Type   Attr      Idx    E Section Name        Object

    0x2000006c   0x00000060   Zero   RW          759    .bss                c_w.l(libspace.o)
    0x200000cc   0x00000004   PAD
    0x200000d0   0x00000000   Zero   RW            2    HEAP                startup.o
    0x200000d0   0x00000400   Zero   RW            1    STACK               startup.o


==============================================================================

Image component sizes


      Code (inc. data)   RO Data    RW Data    ZI Data      Debug   Object Name

       490         78          0          0          0       3712   co2sensor.o
       876        258        196         48          0       7813   ecsmain.o
       220         42          0          0          0       1997   electrolysis.o
       734         98          0          0          0       4028   lcd.o
       296         56          0          0          0       2231   led.o
       124          6          0          0          0       4643   pll.o
       552        104          8         12          0       4064   sound.o
      1756        166       2018         44          0      12040   st7735.o
       692        632          0          0       1024        932   startup.o
       644         90          0          4          0       3792   switch.o

    ----------------------------------------------------------------------
      6392       1530       2256        108       1024      45252   Object Totals
         0          0         32          0          0          0   (incl. Generated)
         8          0          2          0          0          0   (incl. Padding)

    ----------------------------------------------------------------------

      Code (inc. data)   RO Data    RW Data    ZI Data      Debug   Library Member Name

         8          0          0          0          0         68   __main.o
        52          8          0          0          0          0   __scatter.o
        26          0          0          0          0          0   __scatter_copy.o
        28          0          0          0          0          0   __scatter_zi.o
        16          0          0          0          0         72   abort.o
       124         40          0          0          0         76   assert.o
        20          0          0          0          0         76   assert_puts.o
        48         34          0          0          0         76   defsig_abrt_inner.o
        14          0          0          0          0         80   defsig_abrt_outer.o
        10          0          0          0          0         68   defsig_exit.o
        50          0          0          0          0         88   defsig_general.o
        12          0          0          0          0         72   exit.o
         6          0          0          0          0        152   heapauxi.o
         0          0          0          0          0          0   indicate_semi.o
         2          0          0          0          0          0   libinit.o
         2          0          0          0          0          0   libinit2.o
         2          0          0          0          0          0   libshutdown.o
         2          0          0          0          0          0   libshutdown2.o
         8          4          0          0         96         68   libspace.o
       100          0          0          0          0         80   rt_memcpy_w.o
         0          0          0          0          0          0   rtentry.o
        12          0          0          0          0          0   rtentry2.o
         6          0          0          0          0          0   rtentry4.o
         2          0          0          0          0          0   rtexit.o
        10          0          0          0          0          0   rtexit2.o
        12          4          0          0          0         68   sys_exit.o
        74          0          0          0          0         80   sys_stackheap_outer.o
        14          0          0          0          0         76   sys_wrch.o
         2          0          0          0          0         68   use_no_semi.o

    ----------------------------------------------------------------------
       668         90          0          0        100       1268   Library Totals
         6          0          0          0          4          0   (incl. Padding)

    ----------------------------------------------------------------------

      Code (inc. data)   RO Data    RW Data    ZI Data      Debug   Library Name

       662         90          0          0         96       1268   c_w.l

    ----------------------------------------------------------------------
       668         90          0          0        100       1268   Library Totals

    ----------------------------------------------------------------------

==============================================================================


      Code (inc. data)   RO Data    RW Data    ZI Data      Debug   

      7060       1620       2256        108       1124      42204   Grand Totals
      7060       1620       2256        108       1124      42204   ELF Image Totals
      7060       1620       2256        108          0          0   ROM Totals

==============================================================================

    Total RO  Size (Code + RO Data)                 9316 (   9.10kB)
    Total RW  Size (RW Data + ZI Data)              1232 (   1.20kB)
    Total ROM Size (Code + RO Data + RW Data)       9424 (   9.20kB)

==============================================================================

