<html>
<body>
<pre>
<h1>µVision Build Log</h1>
<h2>Project:</h2>
C:\Users\Sarah\Documents\Fall_2017\EE445L\EnvironmentalControlSystem\ECS.uvproj
Project File Date:  12/02/2017

<h2>Output:</h2>
Rebuild target 'ECS'
assembling startup.s...
compiling PLL.c...
compiling Sound.c...
compiling Switch.c...
compiling ECSMain.c...
ECSMain.c(95): warning:  #111-D: statement is unreachable
    return 0;
ECSMain.c: 1 warning, 0 errors
compiling LED.c...
compiling Electrolysis.c...
compiling CO2Sensor.c...
compiling LCD.c...
compiling ST7735.c...
linking...
Program Size: Code=7260 RO-data=2256 RW-data=108 ZI-data=1124  
".\ECS.axf" - 0 Error(s), 1 Warning(s).
