<html>
<body>
<pre>
<h1>µVision Build Log</h1>
<h2>Project:</h2>
C:\Users\Sarah\Documents\Fall_2017\EE445L\ValvanoWareTM4C123\EE445L\Lab9Prep\Lab9Prep.uvproj
Project File Date:  11/06/2017

<h2>Output:</h2>
Rebuild target 'Lab9Prep'
assembling startup.s...
compiling PLL.c...
compiling Switch.c...
compiling LED.c...
compiling LCD.c...
compiling ST7735.c...
compiling Lab9PrepMain.c...
compiling ADC.c...
compiling FIFO.c...
compiling UART.c...
linking...
Program Size: Code=2332 RO-data=32 RW-data=20 ZI-data=1604  
".\Lab9Prep.axf" - 0 Error(s), 0 Warning(s).

compiling FIFO.c...
compiling UART.c...
linking...
Program Size: Code=2312 RO-data=32 RW-data=20 ZI-data=1604  
".\Lab9Prep.axf" - 0 Error(s), 1 Warning(s).
\Lab9Prep.axf" - 1 Error(s), 1 Warning(s).
Target not created
FO.c...
compiling UART.c...
".\Lab9Prep.axf" - 2 Error(s), 1 Warning(s).
Target not created
peed=1000000Hz
Erase Done.
Programming Done.
Verify OK.
ymbol RxFifo_Init multiply defined (by fifo.o and lab9prepmain.o).
.\Lab9Prep.axf: Error: L6200E: Symbol RxFifo_Put multiply defined (by fifo.o and lab9prepmain.o).
.\Lab9Prep.axf: Error: L6200E: Symbol RxFifo_Size multiply defined (by fifo.o and lab9prepmain.o).
.\Lab9Prep.axf: Error: L6200E: Symbol TxFifo_Get multiply defined (by fifo.o and lab9prepmain.o).
.\Lab9Prep.axf: Error: L6200E: Symbol TxFifo_Init multiply defined (by fifo.o and lab9prepmain.o).
.\Lab9Prep.axf: Error: L6200E: Symbol TxFifo_Put multiply defined (by fifo.o and lab9prepmain.o).
.\Lab9Prep.axf: Error: L6200E: Symbol TxFifo_Size multiply defined (by fifo.o and lab9prepmain.o).
Not enough information to list image symbols.
Not enough information to list the image map.
Finished: 2 information, 0 warning and 12 error messages.
".\Lab9Prep.axf" - 12 Error(s), 0 Warning(s).
Target not created
mpiling ECSMain.c...
ECSMain.c(52): warning:  #111-D: statement is unreachable
    return 0;
ECSMain.c: 1 warning, 0 errors
compiling LED.c...
compiling LCD.c...
LCD.c(53): error:  #20: identifier "ECSMain_EditMode" is undefined
      ECSMain_EditMode == EM_SOFT_LIMIT ? EditingLimitsColor : DefaultColor,
LCD.c(53): error:  #20: identifier "EM_SOFT_LIMIT" is undefined
      ECSMain_EditMode == EM_SOFT_LIMIT ? EditingLimitsColor : DefaultColor,
LCD.c(57): error:  #20: identifier "EM_HARD_LIMIT" is undefined
      ECSMain_EditMode == EM_HARD_LIMIT ? EditingLimitsColor : DefaultColor,
LCD.c(118): error:  #20: identifier "ECSMain_State" is undefined
    if (ECSMain_State->led == LED_GREEN) {
LCD.c(118): error:  #20: identifier "LED_GREEN" is undefined
    if (ECSMain_State->led == LED_GREEN) {
LCD.c(120): error:  #20: identifier "LED_YELLOW" is undefined
    } else if (ECSMain_State->led == LED_YELLOW) {
LCD.c(147): error:  #20: identifier "ECSMain_State" is undefined
    if (ECSMain_State->electrolysis == ELEC_ON) {
LCD.c(147): error:  #20: identifier "ELEC_ON" is undefined
    if (ECSMain_State->electrolysis == ELEC_ON) {
LCD.c(161): error:  #20: identifier "ECSMain_SoftLimit" is undefined
    LCD_Update(ECSMain_SoftLimit, ECSMain_HardLimit, ECSMain_CO2Val);
LCD.c(161): error:  #20: identifier "ECSMain_HardLimit" is undefined
    LCD_Update(ECSMain_SoftLimit, ECSMain_HardLimit, ECSMain_CO2Val);
LCD.c(161): error:  #20: identifier "ECSMain_CO2Val" is undefined
    LCD_Update(ECSMain_SoftLimit, ECSMain_HardLimit, ECSMain_CO2Val);
LCD.c: 0 warnings, 11 errors
compiling ST7735.c...
".\Lab9Prep.axf" - 23 Error(s), 1 Warning(s).
Target not created
